########################### N = 2 ** 3 ###########################################################
N=8, radix=2, N / radix = 4.0, signal_per_thread=8
1->2->4->
plan:  [3]
twid:  [1]
[0, 1, 2, 3, 4, 5, 6, 7, 0, 4, 1, 5, 2, 6, 3, 7]
[0, 4, 2, 6, 1, 5, 3, 7, 0, 4, 1, 5, 2, 6, 3, 7]
[0, 4, 2, 6, 1, 5, 3, 7, 0, 4, 2, 6, 1, 5, 3, 7]
########################### N = 2 ** 4 ###########################################################
N=16, radix=2, N / radix = 8.0, signal_per_thread=4
1->2->
4->8->
plan:  [2, 2]
twid:  [0, 1]
[0, 1, 2, 3, 0, 2, 1, 3]
[0, 2, 1, 3, 0, 2, 1, 3]
[0, 1, 2, 3, 0, 2, 1, 3]
[0, 2, 1, 3, 0, 2, 1, 3]
########################### N = 2 ** 5 ###########################################################
N=32, radix=2, N / radix = 16.0, signal_per_thread=8
1->2->4->
8->16->
plan:  [3, 2]
twid:  [0, 1]
[0, 1, 2, 3, 4, 5, 6, 7, 0, 4, 1, 5, 2, 6, 3, 7]
[0, 4, 2, 6, 1, 5, 3, 7, 0, 4, 1, 5, 2, 6, 3, 7]
[0, 4, 2, 6, 1, 5, 3, 7, 0, 4, 2, 6, 1, 5, 3, 7]
[0, 1, 2, 3, 4, 5, 6, 7, 0, 4, 4, 6, 2, 5, 6, 7]
[0, 1, 2, 3, 4, 5, 6, 7, 0, 1, 4, 5, 2, 3, 6, 7]
[0, 1, 4, 3, 2, 5, 6, 7, 0, 1, 4, 5, 2, 3, 6, 7]
[0, 1, 4, 5, 2, 3, 6, 7, 0, 1, 4, 5, 2, 3, 6, 7]
########################### N = 2 ** 6 ###########################################################
N=64, radix=2, N / radix = 32.0, signal_per_thread=8
1->2->4->
8->16->32->
plan:  [3, 3]
twid:  [0, 1]
[0, 1, 2, 3, 4, 5, 6, 7, 0, 4, 1, 5, 2, 6, 3, 7]
[0, 4, 2, 6, 1, 5, 3, 7, 0, 4, 1, 5, 2, 6, 3, 7]
[0, 4, 2, 6, 1, 5, 3, 7, 0, 4, 2, 6, 1, 5, 3, 7]
[0, 1, 2, 3, 4, 5, 6, 7, 0, 4, 1, 5, 2, 6, 3, 7]
[0, 4, 2, 6, 1, 5, 3, 7, 0, 4, 1, 5, 2, 6, 3, 7]
[0, 4, 2, 6, 1, 5, 3, 7, 0, 4, 2, 6, 1, 5, 3, 7]
########################### N = 2 ** 7 ###########################################################
N=128, radix=2, N / radix = 64.0, signal_per_thread=8
1->2->4->
8->16->32->
64->
plan:  [3, 3, 1]
twid:  [0, 0, 1]
[0, 1, 2, 3, 4, 5, 6, 7, 0, 4, 1, 5, 2, 6, 3, 7]
[0, 4, 2, 6, 1, 5, 3, 7, 0, 4, 1, 5, 2, 6, 3, 7]
[0, 4, 2, 6, 1, 5, 3, 7, 0, 4, 2, 6, 1, 5, 3, 7]
[0, 1, 2, 3, 4, 5, 6, 7, 0, 4, 1, 5, 2, 6, 3, 7]
[0, 4, 2, 6, 1, 5, 3, 7, 0, 4, 1, 5, 2, 6, 3, 7]
[0, 4, 2, 6, 1, 5, 3, 7, 0, 4, 2, 6, 1, 5, 3, 7]
[0, 1, 2, 3, 4, 5, 6, 7, 0, 4, 2, 6, 4, 5, 3, 7]
[0, 1, 2, 3, 4, 5, 6, 7, 0, 1, 2, 6, 4, 5, 3, 7]
[0, 1, 2, 3, 4, 5, 6, 7, 0, 1, 2, 6, 4, 5, 6, 7]
[0, 1, 2, 3, 4, 5, 6, 7, 0, 1, 2, 3, 4, 5, 6, 7]
########################### N = 2 ** 8 ###########################################################
N=256, radix=2, N / radix = 128.0, signal_per_thread=8
1->2->4->
8->16->32->
64->128->
plan:  [3, 3, 2]
twid:  [0, 0, 1]
[0, 1, 2, 3, 4, 5, 6, 7, 0, 4, 1, 5, 2, 6, 3, 7]
[0, 4, 2, 6, 1, 5, 3, 7, 0, 4, 1, 5, 2, 6, 3, 7]
[0, 4, 2, 6, 1, 5, 3, 7, 0, 4, 2, 6, 1, 5, 3, 7]
[0, 1, 2, 3, 4, 5, 6, 7, 0, 4, 1, 5, 2, 6, 3, 7]
[0, 4, 2, 6, 1, 5, 3, 7, 0, 4, 1, 5, 2, 6, 3, 7]
[0, 4, 2, 6, 1, 5, 3, 7, 0, 4, 2, 6, 1, 5, 3, 7]
[0, 1, 2, 3, 4, 5, 6, 7, 0, 4, 4, 6, 2, 5, 6, 7]
[0, 1, 2, 3, 4, 5, 6, 7, 0, 1, 4, 5, 2, 3, 6, 7]
[0, 1, 4, 3, 2, 5, 6, 7, 0, 1, 4, 5, 2, 3, 6, 7]
[0, 1, 4, 5, 2, 3, 6, 7, 0, 1, 4, 5, 2, 3, 6, 7]
########################### N = 2 ** 9 ###########################################################
N=512, radix=2, N / radix = 256.0, signal_per_thread=8
1->2->4->
8->16->32->
64->128->256->
plan:  [3, 3, 3]
twid:  [0, 0, 1]
[0, 1, 2, 3, 4, 5, 6, 7, 0, 4, 1, 5, 2, 6, 3, 7]
[0, 4, 2, 6, 1, 5, 3, 7, 0, 4, 1, 5, 2, 6, 3, 7]
[0, 4, 2, 6, 1, 5, 3, 7, 0, 4, 2, 6, 1, 5, 3, 7]
[0, 1, 2, 3, 4, 5, 6, 7, 0, 4, 1, 5, 2, 6, 3, 7]
[0, 4, 2, 6, 1, 5, 3, 7, 0, 4, 1, 5, 2, 6, 3, 7]
[0, 4, 2, 6, 1, 5, 3, 7, 0, 4, 2, 6, 1, 5, 3, 7]
[0, 1, 2, 3, 4, 5, 6, 7, 0, 4, 1, 5, 2, 6, 3, 7]
[0, 4, 2, 6, 1, 5, 3, 7, 0, 4, 1, 5, 2, 6, 3, 7]
[0, 4, 2, 6, 1, 5, 3, 7, 0, 4, 2, 6, 1, 5, 3, 7]
########################### N = 2 ** 10 ###########################################################
N=1024, radix=2, N / radix = 512.0, signal_per_thread=8
1->2->4->
8->16->32->
64->128->256->
512->
plan:  [3, 3, 3, 1]
twid:  [0, 0, 0, 1]
[0, 1, 2, 3, 4, 5, 6, 7, 0, 4, 1, 5, 2, 6, 3, 7]
[0, 4, 2, 6, 1, 5, 3, 7, 0, 4, 1, 5, 2, 6, 3, 7]
[0, 4, 2, 6, 1, 5, 3, 7, 0, 4, 2, 6, 1, 5, 3, 7]
[0, 1, 2, 3, 4, 5, 6, 7, 0, 4, 1, 5, 2, 6, 3, 7]
[0, 4, 2, 6, 1, 5, 3, 7, 0, 4, 1, 5, 2, 6, 3, 7]
[0, 4, 2, 6, 1, 5, 3, 7, 0, 4, 2, 6, 1, 5, 3, 7]
[0, 1, 2, 3, 4, 5, 6, 7, 0, 4, 1, 5, 2, 6, 3, 7]
[0, 4, 2, 6, 1, 5, 3, 7, 0, 4, 1, 5, 2, 6, 3, 7]
[0, 4, 2, 6, 1, 5, 3, 7, 0, 4, 2, 6, 1, 5, 3, 7]
[0, 1, 2, 3, 4, 5, 6, 7, 0, 4, 2, 6, 4, 5, 3, 7]
[0, 1, 2, 3, 4, 5, 6, 7, 0, 1, 2, 6, 4, 5, 3, 7]
[0, 1, 2, 3, 4, 5, 6, 7, 0, 1, 2, 6, 4, 5, 6, 7]
[0, 1, 2, 3, 4, 5, 6, 7, 0, 1, 2, 3, 4, 5, 6, 7]
########################### N = 2 ** 11 ###########################################################
N=2048, radix=2, N / radix = 1024.0, signal_per_thread=16
1->2->4->8->
16->32->64->128->
256->512->1024->
plan:  [4, 4, 3]
twid:  [0, 0, 1]
[0, 1, 2, 3, 4, 5, 6, 7, 8, 9, 10, 11, 12, 13, 14, 15, 0, 8, 1, 9, 2, 10, 3, 11, 4, 12, 5, 13, 6, 14, 7, 15]
[0, 8, 4, 12, 1, 9, 5, 13, 2, 10, 6, 14, 3, 11, 7, 15, 0, 8, 1, 9, 2, 10, 3, 11, 4, 12, 5, 13, 6, 14, 7, 15]
[0, 8, 4, 12, 1, 9, 5, 13, 2, 10, 6, 14, 3, 11, 7, 15, 0, 8, 4, 12, 2, 10, 6, 14, 1, 9, 5, 13, 3, 11, 7, 15]
[0, 8, 4, 12, 2, 10, 6, 14, 1, 9, 5, 13, 3, 11, 7, 15, 0, 8, 4, 12, 2, 10, 6, 14, 1, 9, 5, 13, 3, 11, 7, 15]
[0, 1, 2, 3, 4, 5, 6, 7, 8, 9, 10, 11, 12, 13, 14, 15, 0, 8, 1, 9, 2, 10, 3, 11, 4, 12, 5, 13, 6, 14, 7, 15]
[0, 8, 4, 12, 1, 9, 5, 13, 2, 10, 6, 14, 3, 11, 7, 15, 0, 8, 1, 9, 2, 10, 3, 11, 4, 12, 5, 13, 6, 14, 7, 15]
[0, 8, 4, 12, 1, 9, 5, 13, 2, 10, 6, 14, 3, 11, 7, 15, 0, 8, 4, 12, 2, 10, 6, 14, 1, 9, 5, 13, 3, 11, 7, 15]
[0, 8, 4, 12, 2, 10, 6, 14, 1, 9, 5, 13, 3, 11, 7, 15, 0, 8, 4, 12, 2, 10, 6, 14, 1, 9, 5, 13, 3, 11, 7, 15]
[0, 1, 2, 3, 4, 5, 6, 7, 8, 9, 10, 11, 12, 13, 14, 15, 0, 8, 8, 12, 2, 10, 10, 14, 4, 9, 12, 13, 6, 11, 14, 15]
[0, 1, 2, 3, 4, 5, 6, 7, 8, 9, 10, 11, 12, 13, 14, 15, 0, 1, 8, 9, 2, 3, 10, 11, 4, 5, 12, 13, 6, 7, 14, 15]
[0, 1, 8, 3, 4, 5, 12, 7, 2, 9, 10, 11, 6, 13, 14, 15, 0, 1, 8, 9, 2, 3, 10, 11, 4, 5, 12, 13, 6, 7, 14, 15]
[0, 1, 8, 9, 4, 5, 12, 13, 2, 3, 10, 11, 6, 7, 14, 15, 0, 1, 8, 9, 2, 3, 10, 11, 4, 5, 12, 13, 6, 7, 14, 15]
[0, 1, 8, 9, 4, 5, 12, 13, 2, 3, 10, 11, 6, 7, 14, 15, 0, 1, 8, 9, 4, 3, 12, 11, 2, 5, 10, 13, 6, 7, 14, 15]
[0, 1, 8, 9, 4, 5, 12, 13, 2, 3, 10, 11, 6, 7, 14, 15, 0, 1, 8, 9, 4, 5, 12, 13, 2, 3, 10, 11, 6, 7, 14, 15]
########################### N = 2 ** 12 ###########################################################
N=4096, radix=2, N / radix = 2048.0, signal_per_thread=16
1->2->4->8->
16->32->64->128->
256->512->1024->2048->
plan:  [4, 4, 4]
twid:  [0, 0, 1]
[0, 1, 2, 3, 4, 5, 6, 7, 8, 9, 10, 11, 12, 13, 14, 15, 0, 8, 1, 9, 2, 10, 3, 11, 4, 12, 5, 13, 6, 14, 7, 15]
[0, 8, 4, 12, 1, 9, 5, 13, 2, 10, 6, 14, 3, 11, 7, 15, 0, 8, 1, 9, 2, 10, 3, 11, 4, 12, 5, 13, 6, 14, 7, 15]
[0, 8, 4, 12, 1, 9, 5, 13, 2, 10, 6, 14, 3, 11, 7, 15, 0, 8, 4, 12, 2, 10, 6, 14, 1, 9, 5, 13, 3, 11, 7, 15]
[0, 8, 4, 12, 2, 10, 6, 14, 1, 9, 5, 13, 3, 11, 7, 15, 0, 8, 4, 12, 2, 10, 6, 14, 1, 9, 5, 13, 3, 11, 7, 15]
[0, 1, 2, 3, 4, 5, 6, 7, 8, 9, 10, 11, 12, 13, 14, 15, 0, 8, 1, 9, 2, 10, 3, 11, 4, 12, 5, 13, 6, 14, 7, 15]
[0, 8, 4, 12, 1, 9, 5, 13, 2, 10, 6, 14, 3, 11, 7, 15, 0, 8, 1, 9, 2, 10, 3, 11, 4, 12, 5, 13, 6, 14, 7, 15]
[0, 8, 4, 12, 1, 9, 5, 13, 2, 10, 6, 14, 3, 11, 7, 15, 0, 8, 4, 12, 2, 10, 6, 14, 1, 9, 5, 13, 3, 11, 7, 15]
[0, 8, 4, 12, 2, 10, 6, 14, 1, 9, 5, 13, 3, 11, 7, 15, 0, 8, 4, 12, 2, 10, 6, 14, 1, 9, 5, 13, 3, 11, 7, 15]
[0, 1, 2, 3, 4, 5, 6, 7, 8, 9, 10, 11, 12, 13, 14, 15, 0, 8, 1, 9, 2, 10, 3, 11, 4, 12, 5, 13, 6, 14, 7, 15]
[0, 8, 4, 12, 1, 9, 5, 13, 2, 10, 6, 14, 3, 11, 7, 15, 0, 8, 1, 9, 2, 10, 3, 11, 4, 12, 5, 13, 6, 14, 7, 15]
[0, 8, 4, 12, 1, 9, 5, 13, 2, 10, 6, 14, 3, 11, 7, 15, 0, 8, 4, 12, 2, 10, 6, 14, 1, 9, 5, 13, 3, 11, 7, 15]
[0, 8, 4, 12, 2, 10, 6, 14, 1, 9, 5, 13, 3, 11, 7, 15, 0, 8, 4, 12, 2, 10, 6, 14, 1, 9, 5, 13, 3, 11, 7, 15]
########################### N = 2 ** 13 ###########################################################
N=8192, radix=2, N / radix = 4096.0, signal_per_thread=8
1->2->4->
8->16->32->
64->128->256->
512->1024->2048->
4096->
plan:  [3, 3, 3, 3, 1]
twid:  [0, 0, 0, 0, 1]
[0, 1, 2, 3, 4, 5, 6, 7, 0, 4, 1, 5, 2, 6, 3, 7]
[0, 4, 2, 6, 1, 5, 3, 7, 0, 4, 1, 5, 2, 6, 3, 7]
[0, 4, 2, 6, 1, 5, 3, 7, 0, 4, 2, 6, 1, 5, 3, 7]
[0, 1, 2, 3, 4, 5, 6, 7, 0, 4, 1, 5, 2, 6, 3, 7]
[0, 4, 2, 6, 1, 5, 3, 7, 0, 4, 1, 5, 2, 6, 3, 7]
[0, 4, 2, 6, 1, 5, 3, 7, 0, 4, 2, 6, 1, 5, 3, 7]
[0, 1, 2, 3, 4, 5, 6, 7, 0, 4, 1, 5, 2, 6, 3, 7]
[0, 4, 2, 6, 1, 5, 3, 7, 0, 4, 1, 5, 2, 6, 3, 7]
[0, 4, 2, 6, 1, 5, 3, 7, 0, 4, 2, 6, 1, 5, 3, 7]
[0, 1, 2, 3, 4, 5, 6, 7, 0, 4, 1, 5, 2, 6, 3, 7]
[0, 4, 2, 6, 1, 5, 3, 7, 0, 4, 1, 5, 2, 6, 3, 7]
[0, 4, 2, 6, 1, 5, 3, 7, 0, 4, 2, 6, 1, 5, 3, 7]
[0, 1, 2, 3, 4, 5, 6, 7, 0, 4, 2, 6, 4, 5, 3, 7]
[0, 1, 2, 3, 4, 5, 6, 7, 0, 1, 2, 6, 4, 5, 3, 7]
[0, 1, 2, 3, 4, 5, 6, 7, 0, 1, 2, 6, 4, 5, 6, 7]
[0, 1, 2, 3, 4, 5, 6, 7, 0, 1, 2, 3, 4, 5, 6, 7]
########################### N = 2 ** 14 ###########################################################
N=64, radix=2, N1 / radix = 32.0, signal_per_thread=8
1->2->4->
8->16->32->
plan:  [3, 3]
twid:  [0, 1]
########################### TRANSPOSE N = 2 ** 14 ###########################################################
N=256, radix=2, N2 / radix = 128.0, signal_per_thread=8
1->2->4->
8->16->32->
64->128->
plan:  [3, 3, 2]
twid:  [0, 0, 1]
########################### N = 2 ** 15 ###########################################################
N=64, radix=2, N1 / radix = 32.0, signal_per_thread=8
1->2->4->
8->16->32->
plan:  [3, 3]
twid:  [0, 1]
########################### Transpose= 0 N = 2 ** 15 ###########################################################
N=512, radix=2, N2 / radix = 256.0, signal_per_thread=8
1->2->4->
8->16->32->
64->128->256->
plan:  [3, 3, 3]
twid:  [0, 0, 1]
########################### N = 2 ** 16 ###########################################################
N=128, radix=2, N1 / radix = 64.0, signal_per_thread=8
1->2->4->
8->16->32->
64->
plan:  [3, 3, 1]
twid:  [0, 0, 1]
########################### Transpose= 0 N = 2 ** 16 ###########################################################
N=512, radix=2, N2 / radix = 256.0, signal_per_thread=8
1->2->4->
8->16->32->
64->128->256->
plan:  [3, 3, 3]
twid:  [0, 0, 1]
########################### N = 2 ** 17 ###########################################################
N=256, radix=2, N1 / radix = 128.0, signal_per_thread=16
1->2->4->8->
16->32->64->128->
plan:  [4, 4]
twid:  [0, 1]
########################### Transpose= 0 N = 2 ** 17 ###########################################################
N=512, radix=2, N2 / radix = 256.0, signal_per_thread=8
1->2->4->
8->16->32->
64->128->256->
plan:  [3, 3, 3]
twid:  [0, 0, 1]
########################### N = 2 ** 18 ###########################################################
N=512, radix=2, N1 / radix = 256.0, signal_per_thread=8
1->2->4->
8->16->32->
64->128->256->
plan:  [3, 3, 3]
twid:  [0, 0, 1]
########################### Transpose= 0 N = 2 ** 18 ###########################################################
N=512, radix=2, N2 / radix = 256.0, signal_per_thread=8
1->2->4->
8->16->32->
64->128->256->
plan:  [3, 3, 3]
twid:  [0, 0, 1]
########################### N = 2 ** 19 ###########################################################
N=512, radix=2, N1 / radix = 256.0, signal_per_thread=8
1->2->4->
8->16->32->
64->128->256->
plan:  [3, 3, 3]
twid:  [0, 0, 1]
########################### TRANSPOSE N = 2 ** 19 ###########################################################
N=1024, radix=2, N2 / radix = 512.0, signal_per_thread=32
1->2->4->8->16->
32->64->128->256->512->
plan:  [5, 5]
twid:  [0, 1]
########################### N = 2 ** 20 ###########################################################
N=1024, radix=2, N1 / radix = 512.0, signal_per_thread=32
1->2->4->8->16->
32->64->128->256->512->
plan:  [5, 5]
twid:  [0, 1]
########################### TRANSPOSE N = 2 ** 20 ###########################################################
N=1024, radix=2, N2 / radix = 512.0, signal_per_thread=32
1->2->4->8->16->
32->64->128->256->512->
plan:  [5, 5]
twid:  [0, 1]
########################### N = 2 ** 21 ###########################################################
N=1024, radix=2, N1 / radix = 512.0, signal_per_thread=32
1->2->4->8->16->
32->64->128->256->512->
plan:  [5, 5]
twid:  [0, 1]
########################### Transpose= 0 N = 2 ** 21 ###########################################################
N=2048, radix=2, N2 / radix = 1024.0, signal_per_thread=16
1->2->4->8->
16->32->64->128->
256->512->1024->
plan:  [4, 4, 3]
twid:  [0, 0, 1]
########################### N = 2 ** 22 ###########################################################
N=2048, radix=2, N1 / radix = 1024.0, signal_per_thread=16
1->2->4->8->
16->32->64->128->
256->512->1024->
plan:  [4, 4, 3]
twid:  [0, 0, 1]
########################### Transpose= 0 N = 2 ** 22 ###########################################################
N=2048, radix=2, N2 / radix = 1024.0, signal_per_thread=16
1->2->4->8->
16->32->64->128->
256->512->1024->
plan:  [4, 4, 3]
twid:  [0, 0, 1]
N1=256, N2=128, N3=256
########################### 3D FFT Upload1 N = 2 ** 23 ###########################################################
N=256, radix=2, N1 / radix = 128.0, signal_per_thread=16
1->2->4->8->
16->32->64->128->
plan:  [4, 4]
twid:  [0, 1]
N1=256, N2=128, N3=256
########################### 3D upload2 N = 2 ** 23 ###########################################################
N=128, radix=2, N1 / radix = 64.0, signal_per_thread=8
1->2->4->
8->16->32->
64->
plan:  [3, 3, 1]
twid:  [0, 0, 1]
N1=256, N2=128, N3=256
########################### 3D FFT Upload3 N = 2 ** 23 ###########################################################
N=256, radix=2, N1 / radix = 128.0, signal_per_thread=16
1->2->4->8->
16->32->64->128->
plan:  [4, 4]
twid:  [0, 1]
N1=256, N2=256, N3=256
########################### 3D FFT Upload1 N = 2 ** 24 ###########################################################
N=256, radix=2, N1 / radix = 128.0, signal_per_thread=16
1->2->4->8->
16->32->64->128->
plan:  [4, 4]
twid:  [0, 1]
N1=256, N2=256, N3=256
########################### 3D upload2 N = 2 ** 24 ###########################################################
N=256, radix=2, N1 / radix = 128.0, signal_per_thread=16
1->2->4->8->
16->32->64->128->
plan:  [4, 4]
twid:  [0, 1]
N1=256, N2=256, N3=256
########################### 3D FFT Upload3 N = 2 ** 24 ###########################################################
N=256, radix=2, N1 / radix = 128.0, signal_per_thread=8
1->2->4->
8->16->32->
64->128->
plan:  [3, 3, 2]
twid:  [0, 0, 1]
N1=256, N2=256, N3=512
########################### 3D FFT Upload1 N = 2 ** 25 ###########################################################
N=256, radix=2, N1 / radix = 128.0, signal_per_thread=16
1->2->4->8->
16->32->64->128->
plan:  [4, 4]
twid:  [0, 1]
N1=256, N2=256, N3=512
########################### 3D upload2 N = 2 ** 25 ###########################################################
N=256, radix=2, N1 / radix = 128.0, signal_per_thread=16
1->2->4->8->
16->32->64->128->
plan:  [4, 4]
twid:  [0, 1]
N1=256, N2=256, N3=512
########################### 3D FFT Upload3 N = 2 ** 25 ###########################################################
N=512, radix=2, N1 / radix = 256.0, signal_per_thread=8
1->2->4->
8->16->32->
64->128->256->
plan:  [3, 3, 3]
twid:  [0, 0, 1]
N1=512, N2=256, N3=512
########################### 3D FFT Upload1 N = 2 ** 26 ###########################################################
N=512, radix=2, N1 / radix = 256.0, signal_per_thread=16
1->2->4->8->
16->32->64->128->
256->
plan:  [4, 4, 1]
twid:  [0, 0, 1]
N1=512, N2=256, N3=512
########################### 3D upload2 N = 2 ** 26 ###########################################################
N=256, radix=2, N1 / radix = 128.0, signal_per_thread=16
1->2->4->8->
16->32->64->128->
plan:  [4, 4]
twid:  [0, 1]
N1=512, N2=256, N3=512
########################### 3D FFT Upload3 N = 2 ** 26 ###########################################################
N=512, radix=2, N1 / radix = 256.0, signal_per_thread=8
1->2->4->
8->16->32->
64->128->256->
plan:  [3, 3, 3]
twid:  [0, 0, 1]
N1=512, N2=512, N3=512
########################### 3D FFT Upload1 N = 2 ** 27 ###########################################################
N=512, radix=2, N1 / radix = 256.0, signal_per_thread=16
1->2->4->8->
16->32->64->128->
256->
plan:  [4, 4, 1]
twid:  [0, 0, 1]
N1=512, N2=512, N3=512
########################### 3D upload2 N = 2 ** 27 ###########################################################
N=512, radix=2, N1 / radix = 256.0, signal_per_thread=16
1->2->4->8->
16->32->64->128->
256->
plan:  [4, 4, 1]
twid:  [0, 0, 1]
N1=512, N2=512, N3=512
########################### 3D FFT Upload3 N = 2 ** 27 ###########################################################
N=512, radix=2, N1 / radix = 256.0, signal_per_thread=8
1->2->4->
8->16->32->
64->128->256->
plan:  [3, 3, 3]
twid:  [0, 0, 1]
N1=512, N2=512, N3=1024
########################### 3D FFT Upload1 N = 2 ** 28 ###########################################################
N=512, radix=2, N1 / radix = 256.0, signal_per_thread=16
1->2->4->8->
16->32->64->128->
256->
plan:  [4, 4, 1]
twid:  [0, 0, 1]
N1=512, N2=512, N3=1024
########################### 3D upload2 N = 2 ** 28 ###########################################################
N=512, radix=2, N1 / radix = 256.0, signal_per_thread=16
1->2->4->8->
16->32->64->128->
256->
plan:  [4, 4, 1]
twid:  [0, 0, 1]
N1=512, N2=512, N3=1024
########################### 3D FFT Upload3 N = 2 ** 28 ###########################################################
N=1024, radix=2, N1 / radix = 512.0, signal_per_thread=8
1->2->4->
8->16->32->
64->128->256->
512->
plan:  [3, 3, 3, 1]
twid:  [0, 0, 0, 1]
N1=1024, N2=512, N3=1024
########################### 3D FFT Upload1 N = 2 ** 29 ###########################################################
N=1024, radix=2, N1 / radix = 512.0, signal_per_thread=32
1->2->4->8->16->
32->64->128->256->512->
plan:  [5, 5]
twid:  [0, 1]
N1=1024, N2=512, N3=1024
########################### 3D upload2 N = 2 ** 29 ###########################################################
N=512, radix=2, N1 / radix = 256.0, signal_per_thread=8
1->2->4->
8->16->32->
64->128->256->
plan:  [3, 3, 3]
twid:  [0, 0, 1]
N1=1024, N2=512, N3=1024
########################### 3D FFT Upload3 N = 2 ** 29 ###########################################################
N=1024, radix=2, N1 / radix = 512.0, signal_per_thread=32
1->2->4->8->16->
32->64->128->256->512->
plan:  [5, 5]
twid:  [0, 1]
/home/swu264/HPCDeepNeuralNetworks
rm ft_fft 
/usr/local/cuda/bin/nvcc -arch=sm_75  -O3 -std=c++11  -DLOG_OFF -DV_FFT=0 -DP_FFT=0 -DK_FFT=2 -DFT=2 -L/usr/local/cuda/lib64 -lcudart -lcublas -lcufft -I/usr/local/cuda/include -I/usr/local/cuda/samples/common/inc -I.   kernel/ft_fft/ft_fft.cu utils/utils.cu   -o ft_fft 
245.259995, 254.399994,5587.909668, 6182.988281
247.100006, 244.600006,5587.909668, 6182.988281
249.790009, 257.589966,5587.909668, 6182.988281
235.920013, 249.669998,5587.909668, 6182.988281
257.339996, 249.690002,5587.909668, 6182.988281
249.799988, 261.260010,5587.909668, 6182.988281
249.000000, 264.790009,5587.909668, 6182.988281
249.539993, 256.630005,5587.909668, 6182.988281
249.550003, 273.299988,5587.909668, 6182.988281
247.159988, 249.289993,5587.909668, 6182.988281
253.300018, 254.069992,5587.909668, 6182.988281
257.149994, 238.860001,5587.909668, 6182.988281
270.580017, 265.269989,5587.909668, 6182.988281
233.619995, 254.049988,5587.909668, 6182.988281
253.800003, 247.269989,5587.909668, 6182.988281
245.410004, 263.559998,5587.909668, 6182.988281
