################################### 8 ###################################
0, 0.500000, -0.866025
1, 0.692992, -0.531752
2, 0.866025, -0.232052
3, 1.082263, 0.142483
4, 1.500000, 0.866025
5, 4.039062, 5.263802
6, -0.866026, -3.232047
7, 0.185685, -1.410430
################################### 16 ###################################
0, 1.000000, 0.000000
1, 0.896988, 0.178422
2, 0.807007, 0.334273
3, 0.721619, 0.482171
4, 0.633974, 0.633975
5, 0.536459, 0.802869
6, 0.417740, 1.008504
7, 0.256244, 1.288223
8, 0.000001, 1.732051
9, -0.525614, 2.642442
10, -2.539052, 6.129836
11, 7.356476, -11.009783
12, 2.366022, -2.366030
13, 1.628060, -1.087842
14, 1.314316, -0.544402
15, 1.129750, -0.224723
################################### 32 ###################################
0, 0.500000, -0.866025
1, 0.553804, -0.772834
2, 0.603012, -0.687603
3, 0.649035, -0.607890
4, 0.692993, -0.531754
5, 0.735825, -0.457565
6, 0.778385, -0.383853
7, 0.821490, -0.309183
8, 0.866024, -0.232052
9, 0.912970, -0.150733
10, 0.963531, -0.063161
11, 1.019267, 0.033365
12, 1.082255, 0.142466
13, 1.155558, 0.269435
14, 1.243754, 0.422202
15, 1.354280, 0.613617
16, 1.499999, 0.866039
17, 1.705669, 1.222272
18, 2.025625, 1.776401
19, 2.607083, 2.783567
20, 4.039059, 5.263795
21, 13.977213, 22.477104
22, -5.856528, -11.875770
23, -1.872726, -4.975684
24, -0.866028, -3.232050
25, -0.400494, -2.425719
26, -0.128054, -1.953887
27, 0.053690, -1.639098
28, 0.185689, -1.410418
29, 0.287672, -1.233771
30, 0.370271, -1.090749
31, 0.439687, -0.970443
################################### 64 ###################################
0, 1.000000, 0.000001
1, 0.972420, 0.047772
2, 0.946196, 0.093192
3, 0.921114, 0.136635
4, 0.896987, 0.178425
5, 0.873646, 0.218833
6, 0.850966, 0.258120
7, 0.828793, 0.296546
8, 0.807008, 0.334271
9, 0.785505, 0.371514
10, 0.764184, 0.408451
11, 0.742912, 0.445276
12, 0.721628, 0.482169
13, 0.700196, 0.519285
14, 0.678511, 0.556839
15, 0.656506, 0.594998
16, 0.633982, 0.634004
17, 0.610856, 0.673987
18, 0.587026, 0.715282
19, 0.562278, 0.758147
20, 0.536447, 0.802847
21, 0.509346, 0.849829
22, 0.480747, 0.899406
23, 0.450303, 0.952082
24, 0.417723, 1.008500
25, 0.382601, 1.069351
26, 0.344432, 1.135475
27, 0.302591, 1.207992
28, 0.256226, 1.288216
29, 0.204417, 1.377997
30, 0.145733, 1.479633
31, 0.078431, 1.596200
32, 0.000021, 1.732089
33, -0.092995, 1.893155
34, -0.205687, 2.088338
35, -0.345716, 2.330939
36, -0.525616, 2.642472
37, -0.766285, 3.059369
38, -1.107095, 3.649603
39, -1.629739, 4.554910
40, -2.539052, 6.129855
41, -4.530912, 9.579917
42, -12.477137, 23.343252
43, 27.211241, -45.399563
44, 7.356458, -11.009842
45, 4.513990, -6.086419
46, 3.372670, -4.109706
47, 2.754824, -3.039534
48, 2.365992, -2.366026
49, 2.097673, -1.901211
50, 1.900449, -1.559775
51, 1.748832, -1.296974
52, 1.628078, -1.087936
53, 1.529092, -0.916585
54, 1.446386, -0.773144
55, 1.375654, -0.650647
56, 1.314296, -0.544409
57, 1.260368, -0.450950
58, 1.212242, -0.367725
59, 1.169049, -0.292895
60, 1.129758, -0.224762
61, 1.093648, -0.162299
62, 1.060260, -0.104404
63, 1.029153, -0.050586
################################### 128 ###################################
0, 0.500000, -0.866023
1, 0.513976, -0.841819
2, 0.527582, -0.818253
3, 0.540850, -0.795275
4, 0.553803, -0.772832
5, 0.566476, -0.750893
6, 0.578890, -0.729392
7, 0.591054, -0.708307
8, 0.603013, -0.687602
9, 0.614769, -0.667236
10, 0.626331, -0.647205
11, 0.637778, -0.627426
12, 0.649048, -0.607919
13, 0.660185, -0.588571
14, 0.671206, -0.569482
15, 0.682161, -0.550553
16, 0.692999, -0.531740
17, 0.703773, -0.513072
18, 0.714494, -0.494512
19, 0.725161, -0.475996
20, 0.735829, -0.457573
21, 0.746460, -0.439156
22, 0.757065, -0.420743
23, 0.767720, -0.402314
24, 0.778392, -0.383840
25, 0.789066, -0.365334
26, 0.799822, -0.346745
27, 0.810649, -0.328027
28, 0.821477, -0.309164
29, 0.832449, -0.290181
30, 0.843562, -0.270989
31, 0.854666, -0.251646
32, 0.865991, -0.231991
33, 0.877470, -0.212257
34, 0.889133, -0.192056
35, 0.900938, -0.171563
36, 0.912980, -0.150736
37, 0.925227, -0.129489
38, 0.937707, -0.107905
39, 0.950467, -0.085814
40, 0.963511, -0.063188
41, 0.976902, -0.039951
42, 0.990628, -0.016201
43, 1.004704, 0.008197
44, 1.019294, 0.033380
45, 1.034217, 0.059279
46, 1.049691, 0.086050
47, 1.065779, 0.113813
48, 1.082248, 0.142643
49, 1.099369, 0.172304
50, 1.117328, 0.203274
51, 1.136016, 0.235736
52, 1.155465, 0.269433
53, 1.175973, 0.304762
54, 1.197479, 0.341971
55, 1.219993, 0.380926
56, 1.243800, 0.422140
57, 1.268898, 0.465775
58, 1.295536, 0.511921
59, 1.323987, 0.561137
60, 1.354273, 0.613606
61, 1.386713, 0.669800
62, 1.421594, 0.730180
63, 1.459163, 0.795334
64, 1.499965, 0.866027
65, 1.544384, 0.942806
66, 1.593038, 1.027097
67, 1.646384, 1.119692
68, 1.705659, 1.222218
69, 1.771752, 1.336519
70, 1.845797, 1.464945
71, 1.929595, 1.610270
72, 2.025561, 1.776405
73, 2.136539, 1.968402
74, 2.266370, 2.193416
75, 2.420656, 2.460480
76, 2.607165, 2.783522
77, 2.837501, 3.182604
78, 3.129629, 3.688906
79, 3.513199, 4.352929
80, 4.038940, 5.263696
81, 4.806028, 6.592180
82, 6.030968, 8.713880
83, 8.302827, 12.648706
84, 13.977332, 22.476915
85, 53.677200, 91.238083
86, -25.711533, -46.265099
87, -9.829689, -18.757215
88, -5.856568, -11.875871
89, -4.048692, -8.744382
90, -3.014063, -6.952314
91, -2.343430, -5.790739
92, -1.872901, -4.975757
93, -1.524092, -4.371641
94, -1.254921, -3.905584
95, -1.040665, -3.534654
96, -0.866007, -3.232059
97, -0.720592, -2.980283
98, -0.597743, -2.767260
99, -0.492161, -2.584353
100, -0.400362, -2.425990
101, -0.320010, -2.286288
102, -0.248805, -2.162858
103, -0.185279, -2.052803
104, -0.128123, -1.953912
105, -0.076376, -1.864139
106, -0.029310, -1.782531
107, 0.013939, -1.707908
108, 0.053771, -1.639291
109, 0.090236, -1.575614
110, 0.124298, -1.516725
111, 0.156024, -1.462037
112, 0.185510, -1.410385
113, 0.213368, -1.362369
114, 0.239626, -1.316980
115, 0.264132, -1.274085
116, 0.287558, -1.233811
117, 0.309766, -1.195334
118, 0.330724, -1.159084
119, 0.350956, -1.124024
120, 0.370252, -1.090759
121, 0.388306, -1.059169
122, 0.406373, -1.028808
123, 0.423710, -0.999056
124, 0.439831, -0.970257
125, 0.455478, -0.942929
126, 0.470742, -0.916695
127, 0.485612, -0.890856
################################### 256 ###################################
0, 1.000000, 0.000005
1, 0.992965, 0.012186
2, 0.986026, 0.024206
3, 0.979180, 0.036065
4, 0.972421, 0.047773
5, 0.965748, 0.059329
6, 0.959151, 0.070752
7, 0.952636, 0.082033
8, 0.946195, 0.093192
9, 0.939833, 0.104223
10, 0.933531, 0.115130
11, 0.927285, 0.125940
12, 0.921116, 0.136627
13, 0.915005, 0.147213
14, 0.908935, 0.157708
15, 0.902944, 0.168112
16, 0.896996, 0.178426
17, 0.891101, 0.188630
18, 0.885231, 0.198799
19, 0.879435, 0.208836
20, 0.873650, 0.218810
21, 0.867924, 0.228806
22, 0.862315, 0.238595
23, 0.856562, 0.248453
24, 0.850971, 0.258094
25, 0.845390, 0.267804
26, 0.839834, 0.277507
27, 0.834311, 0.287063
28, 0.828758, 0.296524
29, 0.823310, 0.306033
30, 0.817863, 0.315459
31, 0.812387, 0.324887
32, 0.807003, 0.334297
33, 0.801597, 0.343650
34, 0.796253, 0.352924
35, 0.790921, 0.362197
36, 0.785487, 0.371502
37, 0.780326, 0.380648
38, 0.774831, 0.389984
39, 0.769554, 0.399292
40, 0.764185, 0.408469
41, 0.758873, 0.417686
42, 0.753528, 0.426801
43, 0.748329, 0.436083
44, 0.742891, 0.445292
45, 0.737562, 0.454445
46, 0.732203, 0.463621
47, 0.726886, 0.472973
48, 0.721619, 0.482185
49, 0.716368, 0.491431
50, 0.710789, 0.500519
51, 0.705601, 0.509996
52, 0.700151, 0.519262
53, 0.694663, 0.528613
54, 0.689296, 0.537910
55, 0.684081, 0.547230
56, 0.678497, 0.556925
57, 0.673020, 0.566271
58, 0.667388, 0.575972
59, 0.661832, 0.585368
60, 0.656486, 0.594894
61, 0.650971, 0.604542
62, 0.645164, 0.614428
63, 0.639644, 0.623949
64, 0.634042, 0.634012
65, 0.628378, 0.643879
66, 0.622555, 0.653790
67, 0.616657, 0.663954
68, 0.610909, 0.673911
69, 0.604927, 0.684095
70, 0.599024, 0.694425
71, 0.593134, 0.704834
72, 0.587074, 0.715296
73, 0.580915, 0.725808
74, 0.574929, 0.736507
75, 0.568642, 0.747176
76, 0.562331, 0.758115
77, 0.555802, 0.768991
78, 0.549484, 0.780212
79, 0.543017, 0.791545
80, 0.536460, 0.802833
81, 0.529784, 0.814430
82, 0.523061, 0.826068
83, 0.516292, 0.837913
84, 0.509432, 0.849767
85, 0.502451, 0.861881
86, 0.495243, 0.874277
87, 0.488076, 0.886651
88, 0.480750, 0.899390
89, 0.473308, 0.912192
90, 0.465956, 0.925324
91, 0.458265, 0.938751
92, 0.450289, 0.951998
93, 0.442521, 0.965904
94, 0.434303, 0.979925
95, 0.426394, 0.993543
96, 0.417979, 1.008844
97, 0.409474, 1.023162
98, 0.400033, 1.038370
99, 0.391755, 1.053698
100, 0.382632, 1.069451
101, 0.373150, 1.085450
102, 0.363928, 1.101741
103, 0.354267, 1.118316
104, 0.344371, 1.135512
105, 0.334526, 1.152903
106, 0.324062, 1.170931
107, 0.313317, 1.189366
108, 0.302637, 1.208080
109, 0.291389, 1.227344
110, 0.279839, 1.246747
111, 0.268467, 1.267220
112, 0.256298, 1.288204
113, 0.243818, 1.309624
114, 0.231065, 1.331962
115, 0.217586, 1.353964
116, 0.204455, 1.377888
117, 0.190417, 1.402294
118, 0.176070, 1.427142
119, 0.161066, 1.452999
120, 0.145691, 1.479648
121, 0.129853, 1.507274
122, 0.113343, 1.535772
123, 0.096165, 1.565605
124, 0.078360, 1.596242
125, 0.059889, 1.628170
126, 0.040689, 1.661521
127, 0.020722, 1.696031
128, -0.000004, 1.732030
129, -0.021551, 1.769819
130, -0.044454, 1.808947
131, -0.068217, 1.850357
132, -0.093315, 1.893563
133, -0.119732, 1.938138
134, -0.146700, 1.984850
135, -0.175081, 2.035837
136, -0.205724, 2.088385
137, -0.238082, 2.143636
138, -0.271261, 2.202431
139, -0.307529, 2.264920
140, -0.345724, 2.330932
141, -0.386306, 2.401487
142, -0.429887, 2.476364
143, -0.475879, 2.556501
144, -0.525615, 2.642462
145, -0.579194, 2.735270
146, -0.636268, 2.834519
147, -0.698676, 2.942414
148, -0.766164, 3.059550
149, -0.839814, 3.186982
150, -0.920494, 3.326490
151, -1.009188, 3.480002
152, -1.106906, 3.649722
153, -1.215836, 3.838137
154, -1.337518, 4.048596
155, -1.474284, 4.285894
156, -1.629982, 4.555063
157, -1.807334, 4.862884
158, -2.013115, 5.219129
159, -2.253689, 5.635851
160, -2.539006, 6.130212
161, -2.882914, 6.725718
162, -3.305882, 7.458261
163, -3.838391, 8.381186
164, -4.530708, 9.580229
165, -5.466662, 11.200664
166, -6.802799, 13.515222
167, -8.866972, 17.089714
168, -12.476711, 23.342907
169, -20.417561, 37.097809
170, -52.175854, 92.106453
171, 106.601379, -182.913025
172, 27.210979, -45.400398
173, 15.867805, -25.752876
174, 11.329534, -17.891615
175, 8.884603, -13.657501
176, 7.356484, -11.010181
177, 6.309839, -9.197506
178, 5.548856, -7.878726
179, 4.969339, -6.875378
180, 4.513902, -6.086423
181, 4.146544, -5.450022
182, 3.843009, -4.925073
183, 3.588404, -4.484754
184, 3.372422, -4.110107
185, 3.186561, -3.787144
186, 3.023900, -3.505571
187, 2.881512, -3.258684
188, 2.754826, -3.039749
189, 2.642026, -2.844205
190, 2.540466, -2.668402
191, 2.449325, -2.510042
192, 2.365880, -2.366269
193, 2.289875, -2.234789
194, 2.220619, -2.114214
195, 2.156718, -2.003731
196, 2.097641, -1.901347
197, 2.042639, -1.806517
198, 1.992308, -1.718241
199, 1.944755, -1.635866
200, 1.900439, -1.560163
201, 1.859110, -1.487868
202, 1.819914, -1.420417
203, 1.783364, -1.357790
204, 1.749491, -1.296663
205, 1.716296, -1.240409
206, 1.685720, -1.187329
207, 1.656956, -1.135839
208, 1.628016, -1.086630
209, 1.600415, -1.041359
210, 1.574830, -0.997577
211, 1.552497, -0.957005
212, 1.528836, -0.916802
213, 1.507207, -0.878593
214, 1.485944, -0.841787
215, 1.465730, -0.806521
216, 1.446603, -0.773320
217, 1.427579, -0.740956
218, 1.409451, -0.709707
219, 1.392420, -0.679660
220, 1.375495, -0.650737
221, 1.359541, -0.622593
222, 1.343445, -0.595677
223, 1.328905, -0.569648
224, 1.314359, -0.544444
225, 1.300094, -0.519908
226, 1.286507, -0.496214
227, 1.273059, -0.473072
228, 1.260374, -0.451122
229, 1.247798, -0.429284
230, 1.235454, -0.408410
231, 1.223988, -0.387643
232, 1.212195, -0.367850
233, 1.201066, -0.348374
234, 1.190021, -0.329347
235, 1.179584, -0.311057
236, 1.168664, -0.293066
237, 1.159146, -0.275075
238, 1.148962, -0.258116
239, 1.139485, -0.240944
240, 1.129493, -0.224366
241, 1.119809, -0.208904
242, 1.111527, -0.193275
243, 1.102174, -0.176938
244, 1.092864, -0.163266
245, 1.084933, -0.147626
246, 1.077577, -0.133891
247, 1.068586, -0.118305
248, 1.060118, -0.104406
249, 1.052439, -0.090263
250, 1.044427, -0.076840
251, 1.036060, -0.065044
252, 1.029418, -0.050823
253, 1.021616, -0.037684
254, 1.014663, -0.024843
255, 1.007129, -0.012174
################################### 512 ###################################
0, 0.500000, -0.866015
1, 0.503531, -0.859910
2, 0.507034, -0.853839
3, 0.510514, -0.847810
4, 0.513975, -0.841819
5, 0.517415, -0.835869
6, 0.520829, -0.829966
7, 0.524211, -0.824082
8, 0.527576, -0.818241
9, 0.530910, -0.812457
10, 0.534253, -0.806702
11, 0.537562, -0.800978
12, 0.540837, -0.795275
13, 0.544096, -0.789626
14, 0.547361, -0.784026
15, 0.550624, -0.778403
16, 0.553813, -0.772819
17, 0.557003, -0.767304
18, 0.560192, -0.761810
19, 0.563306, -0.756314
20, 0.566476, -0.750901
21, 0.569588, -0.745502
22, 0.572686, -0.740068
23, 0.575815, -0.734732
24, 0.578908, -0.729406
25, 0.581937, -0.724060
26, 0.584994, -0.718835
27, 0.588021, -0.713587
28, 0.591011, -0.708333
29, 0.594049, -0.703054
30, 0.597056, -0.697899
31, 0.600029, -0.692723
32, 0.603004, -0.687605
33, 0.606013, -0.682522
34, 0.608903, -0.677411
35, 0.611844, -0.672331
36, 0.614788, -0.667209
37, 0.617703, -0.662204
38, 0.620610, -0.657222
39, 0.623503, -0.652163
40, 0.626341, -0.647203
41, 0.629204, -0.642194
42, 0.632041, -0.637260
43, 0.634893, -0.632433
44, 0.637783, -0.627459
45, 0.640522, -0.622700
46, 0.643462, -0.617520
47, 0.646153, -0.612648
48, 0.649076, -0.607900
49, 0.651957, -0.603146
50, 0.654683, -0.598130
51, 0.657346, -0.593300
52, 0.660151, -0.588521
53, 0.662905, -0.583936
54, 0.665810, -0.578925
55, 0.668454, -0.574213
56, 0.671293, -0.569614
57, 0.673936, -0.564653
58, 0.676633, -0.559930
59, 0.679384, -0.555186
60, 0.682211, -0.550538
61, 0.684817, -0.545797
62, 0.687608, -0.541141
63, 0.690285, -0.536467
64, 0.692966, -0.531703
65, 0.695673, -0.527101
66, 0.698337, -0.522361
67, 0.700978, -0.517724
68, 0.703861, -0.513132
69, 0.706613, -0.508318
70, 0.709105, -0.503732
71, 0.711707, -0.499249
72, 0.714385, -0.494591
73, 0.717100, -0.489805
74, 0.719870, -0.485016
75, 0.722615, -0.480605
76, 0.725245, -0.475936
77, 0.727843, -0.471305
78, 0.730573, -0.466830
79, 0.733109, -0.462221
80, 0.735882, -0.457610
81, 0.738504, -0.452832
82, 0.741056, -0.448223
83, 0.743705, -0.443694
84, 0.746417, -0.439480
85, 0.749162, -0.434526
86, 0.751804, -0.429956
87, 0.754292, -0.425441
88, 0.757035, -0.421104
89, 0.759672, -0.416208
90, 0.762431, -0.411482
91, 0.765143, -0.406985
92, 0.767624, -0.402482
93, 0.770466, -0.397532
94, 0.772991, -0.393070
95, 0.775814, -0.388530
96, 0.778394, -0.383853
97, 0.781128, -0.379339
98, 0.783826, -0.374631
99, 0.786236, -0.370005
100, 0.789489, -0.365903
101, 0.791833, -0.360779
102, 0.794437, -0.356031
103, 0.796925, -0.351296
104, 0.799740, -0.346666
105, 0.802500, -0.342142
106, 0.805085, -0.337375
107, 0.807990, -0.332768
108, 0.810506, -0.328069
109, 0.813252, -0.323261
110, 0.816240, -0.318797
111, 0.818744, -0.314007
112, 0.821194, -0.309012
113, 0.824273, -0.304660
114, 0.827123, -0.299728
115, 0.829510, -0.295270
116, 0.832278, -0.290095
117, 0.835281, -0.285260
118, 0.837574, -0.280992
119, 0.840684, -0.275633
120, 0.843666, -0.271288
121, 0.845892, -0.266618
122, 0.849103, -0.261585
123, 0.851922, -0.256686
124, 0.854696, -0.251563
125, 0.857579, -0.246463
126, 0.860109, -0.242094
127, 0.863083, -0.236929
128, 0.866024, -0.232013
129, 0.869046, -0.227081
130, 0.871956, -0.222083
131, 0.874565, -0.217233
132, 0.877409, -0.212050
133, 0.880075, -0.207415
134, 0.883326, -0.202095
135, 0.886298, -0.196983
136, 0.889060, -0.191961
137, 0.892372, -0.186794
138, 0.894826, -0.181750
139, 0.898022, -0.176539
140, 0.900962, -0.171545
141, 0.903955, -0.165212
142, 0.907153, -0.161380
143, 0.909938, -0.155876
144, 0.912987, -0.150502
145, 0.916036, -0.145461
146, 0.919092, -0.140239
147, 0.922132, -0.134979
148, 0.925425, -0.129704
149, 0.928220, -0.123933
150, 0.931445, -0.118673
151, 0.934490, -0.113368
152, 0.937843, -0.108070
153, 0.940569, -0.102200
154, 0.944071, -0.097058
155, 0.947574, -0.091382
156, 0.950199, -0.085133
157, 0.953315, -0.080201
158, 0.956772, -0.074409
159, 0.960291, -0.068885
160, 0.963423, -0.063247
161, 0.966699, -0.057387
162, 0.970072, -0.051772
163, 0.973566, -0.045938
164, 0.976901, -0.040061
165, 0.979736, -0.033856
166, 0.983660, -0.028067
167, 0.987591, -0.022349
168, 0.990734, -0.016427
169, 0.994176, -0.010200
170, 0.997300, -0.004075
171, 1.000716, 0.002169
172, 1.004592, 0.007919
173, 1.008387, 0.014506
174, 1.011913, 0.020599
175, 1.015468, 0.027077
176, 1.019348, 0.033386
177, 1.022875, 0.039906
178, 1.026602, 0.046068
179, 1.030623, 0.052376
180, 1.034146, 0.059292
181, 1.037669, 0.065735
182, 1.041434, 0.072606
183, 1.045636, 0.079146
184, 1.049341, 0.085654
185, 1.052613, 0.093174
186, 1.057727, 0.099731
187, 1.061588, 0.106862
188, 1.065460, 0.113842
189, 1.070268, 0.120225
190, 1.073997, 0.127593
191, 1.077573, 0.134959
192, 1.082119, 0.142821
193, 1.086621, 0.148963
194, 1.091695, 0.157192
195, 1.095062, 0.164296
196, 1.098657, 0.172739
197, 1.104254, 0.179708
198, 1.108794, 0.187726
199, 1.112399, 0.195538
200, 1.116950, 0.203429
201, 1.121622, 0.211379
202, 1.126471, 0.219451
203, 1.131180, 0.227797
204, 1.135972, 0.235987
205, 1.141078, 0.244053
206, 1.145990, 0.251737
207, 1.150795, 0.260797
208, 1.155898, 0.269760
209, 1.160225, 0.278048
210, 1.165858, 0.286868
211, 1.171010, 0.295828
212, 1.176160, 0.304680
213, 1.181253, 0.314055
214, 1.186350, 0.323389
215, 1.191947, 0.332623
216, 1.197632, 0.341354
217, 1.203249, 0.351732
218, 1.208456, 0.361396
219, 1.213819, 0.370905
220, 1.219862, 0.381044
221, 1.225864, 0.391714
222, 1.232187, 0.401066
223, 1.238091, 0.411616
224, 1.243801, 0.422379
225, 1.249708, 0.432764
226, 1.256231, 0.443485
227, 1.262186, 0.454734
228, 1.268923, 0.465621
229, 1.275947, 0.477662
230, 1.281622, 0.488818
231, 1.287695, 0.500199
232, 1.295273, 0.511648
233, 1.301983, 0.520891
234, 1.309268, 0.536169
235, 1.316527, 0.548353
236, 1.323870, 0.560894
237, 1.331680, 0.573855
238, 1.339243, 0.587249
239, 1.346406, 0.600228
240, 1.354396, 0.613444
241, 1.361942, 0.627447
242, 1.370287, 0.641136
243, 1.378827, 0.652893
244, 1.386786, 0.669838
245, 1.395275, 0.684358
246, 1.403804, 0.699394
247, 1.412527, 0.714491
248, 1.421395, 0.729823
249, 1.430816, 0.746064
250, 1.439620, 0.762602
251, 1.449523, 0.778445
252, 1.458957, 0.795267
253, 1.469321, 0.812252
254, 1.479117, 0.829876
255, 1.489615, 0.847528
256, 1.500150, 0.865858
257, 1.510547, 0.884587
258, 1.521726, 0.903232
259, 1.533030, 0.922950
260, 1.544442, 0.943116
261, 1.556129, 0.962640
262, 1.568829, 0.984319
263, 1.579381, 1.004484
264, 1.592703, 1.026793
265, 1.606250, 1.050183
266, 1.617335, 1.070918
267, 1.634256, 1.095364
268, 1.646940, 1.117654
269, 1.661518, 1.146184
270, 1.675082, 1.169153
271, 1.690537, 1.195704
272, 1.705534, 1.222610
273, 1.722209, 1.249737
274, 1.737474, 1.278099
275, 1.754614, 1.306901
276, 1.772190, 1.336255
277, 1.790147, 1.367635
278, 1.807666, 1.398997
279, 1.826570, 1.431066
280, 1.845587, 1.465341
281, 1.865610, 1.499592
282, 1.887419, 1.535291
283, 1.907601, 1.572057
284, 1.929298, 1.610095
285, 1.952970, 1.649810
286, 1.975945, 1.690739
287, 1.999945, 1.732514
288, 2.025571, 1.776466
289, 2.052142, 1.822023
290, 2.079204, 1.869722
291, 2.107194, 1.917693
292, 2.136844, 1.968788
293, 2.166846, 2.021141
294, 2.199366, 2.075927
295, 2.232280, 2.133920
296, 2.266756, 2.193302
297, 2.302863, 2.256022
298, 2.340187, 2.321564
299, 2.379658, 2.389131
300, 2.421180, 2.460786
301, 2.463760, 2.535797
302, 2.509453, 2.612772
303, 2.558567, 2.698279
304, 2.606812, 2.787620
305, 2.655899, 2.876486
306, 2.714453, 2.970171
307, 2.775013, 3.074120
308, 2.836540, 3.182567
309, 2.903514, 3.296616
310, 2.974344, 3.419492
311, 3.049437, 3.549211
312, 3.129915, 3.688371
313, 3.215663, 3.837579
314, 3.306920, 3.995407
315, 3.405947, 4.167171
316, 3.512821, 4.352826
317, 3.628383, 4.552146
318, 3.753661, 4.769645
319, 3.890133, 5.005757
320, 4.039227, 5.263300
321, 4.202747, 5.547167
322, 4.382366, 5.858655
323, 4.583945, 6.205587
324, 4.806141, 6.592255
325, 5.055377, 7.025318
326, 5.339162, 7.514797
327, 5.660468, 8.072362
328, 6.031003, 8.713503
329, 6.461319, 9.457841
330, 6.966697, 10.334180
331, 7.570050, 11.379143
332, 8.303046, 12.648422
333, 9.211135, 14.221402
334, 10.366061, 16.222364
335, 11.888203, 18.855921
336, 13.977425, 22.475210
337, 17.030100, 27.766001
338, 21.918173, 36.229809
339, 30.992390, 51.945690
340, 53.678642, 91.235825
341, 212.473175, 366.257416
342, -105.106590, -183.769775
343, -41.591358, -73.765869
344, -25.712635, -46.264172
345, -18.493382, -33.762711
346, -14.369062, -26.617275
347, -11.699103, -21.994009
348, -9.830494, -18.756378
349, -8.448641, -16.363693
350, -7.387884, -14.521146
351, -6.542102, -13.061596
352, -5.856864, -11.874394
353, -5.289119, -10.891465
354, -4.812380, -10.063154
355, -4.402327, -9.354952
356, -4.047906, -8.745020
357, -3.741000, -8.210831
358, -3.469477, -7.740608
359, -3.229120, -7.324357
360, -3.014346, -6.952065
361, -2.821248, -6.618429
362, -2.645588, -6.315993
363, -2.488452, -6.041080
364, -2.343372, -5.790912
365, -2.210902, -5.560221
366, -2.090586, -5.350194
367, -1.975354, -5.154929
368, -1.873328, -4.975704
369, -1.776620, -4.809024
370, -1.685742, -4.652976
371, -1.602980, -4.505563
372, -1.524689, -4.371778
373, -1.450944, -4.243685
374, -1.382134, -4.124486
375, -1.316606, -4.013390
376, -1.255717, -3.905270
377, -1.199791, -3.807202
378, -1.141311, -3.715648
379, -1.086006, -3.620886
380, -1.039640, -3.532789
381, -0.994143, -3.452579
382, -0.948355, -3.375575
383, -0.906743, -3.301669
384, -0.865759, -3.232736
385, -0.826747, -3.164750
386, -0.790162, -3.100360
387, -0.754750, -3.039443
388, -0.720479, -2.981766
389, -0.687708, -2.923557
390, -0.656206, -2.869789
391, -0.626088, -2.817292
392, -0.598022, -2.767130
393, -0.569538, -2.719403
394, -0.542945, -2.672956
395, -0.516659, -2.627431
396, -0.492136, -2.583925
397, -0.467843, -2.543084
398, -0.444465, -2.501089
399, -0.422009, -2.463518
400, -0.399949, -2.425738
401, -0.379806, -2.388981
402, -0.358435, -2.353815
403, -0.339793, -2.317789
404, -0.320155, -2.286299
405, -0.301389, -2.253935
406, -0.282769, -2.223433
407, -0.264402, -2.190492
408, -0.248725, -2.162603
409, -0.231680, -2.134874
410, -0.215390, -2.106346
411, -0.199251, -2.078922
412, -0.184631, -2.052439
413, -0.170116, -2.027843
414, -0.151622, -1.999462
415, -0.143060, -1.976740
416, -0.129929, -1.951233
417, -0.116703, -1.932672
418, -0.101708, -1.906674
419, -0.089906, -1.884612
420, -0.076838, -1.861709
421, -0.061113, -1.840811
422, -0.052617, -1.822936
423, -0.040908, -1.802835
424, -0.029010, -1.782995
425, -0.018478, -1.762968
426, -0.009436, -1.742064
427, 0.002864, -1.725413
428, 0.013854, -1.707858
429, 0.023597, -1.690314
430, 0.034382, -1.672516
431, 0.044496, -1.655825
432, 0.054009, -1.639746
433, 0.063238, -1.622761
434, 0.071916, -1.606694
435, 0.081099, -1.590426
436, 0.089644, -1.575847
437, 0.098923, -1.560821
438, 0.107305, -1.546060
439, 0.115913, -1.530704
440, 0.124474, -1.516759
441, 0.131802, -1.503088
442, 0.140740, -1.489027
443, 0.148114, -1.474841
444, 0.155454, -1.461936
445, 0.165374, -1.448442
446, 0.170610, -1.435735
447, 0.177981, -1.422718
448, 0.185124, -1.410388
449, 0.192686, -1.398338
450, 0.198779, -1.385525
451, 0.205460, -1.374837
452, 0.212947, -1.365308
453, 0.221463, -1.351383
454, 0.226966, -1.337645
455, 0.233291, -1.328255
456, 0.239978, -1.317306
457, 0.245446, -1.305478
458, 0.252066, -1.295496
459, 0.259120, -1.284774
460, 0.264009, -1.274186
461, 0.270779, -1.264548
462, 0.276509, -1.253594
463, 0.281553, -1.243992
464, 0.286440, -1.235013
465, 0.293242, -1.224279
466, 0.298963, -1.214383
467, 0.304165, -1.204273
468, 0.310077, -1.195597
469, 0.314326, -1.187443
470, 0.320858, -1.177767
471, 0.326243, -1.167842
472, 0.331625, -1.158897
473, 0.334966, -1.149603
474, 0.341546, -1.141145
475, 0.346091, -1.132417
476, 0.350641, -1.124227
477, 0.355877, -1.116334
478, 0.362157, -1.107256
479, 0.365057, -1.099167
480, 0.370118, -1.089788
481, 0.375533, -1.082169
482, 0.378980, -1.075679
483, 0.385052, -1.067174
484, 0.389662, -1.059139
485, 0.393112, -1.050082
486, 0.397676, -1.043128
487, 0.403084, -1.035495
488, 0.406520, -1.028457
489, 0.410406, -1.018208
490, 0.412155, -1.013108
491, 0.419104, -1.005478
492, 0.423898, -0.999585
493, 0.427177, -0.991617
494, 0.431556, -0.984488
495, 0.435645, -0.977810
496, 0.438880, -0.970062
497, 0.443652, -0.963544
498, 0.447920, -0.956346
499, 0.451669, -0.950109
500, 0.455630, -0.943095
501, 0.460190, -0.936418
502, 0.461715, -0.929048
503, 0.467143, -0.923104
504, 0.471147, -0.917191
505, 0.474492, -0.909849
506, 0.477882, -0.903819
507, 0.484115, -0.895275
508, 0.485403, -0.890768
509, 0.488877, -0.884888
510, 0.492795, -0.878253
511, 0.496603, -0.872620
################################### 1024 ###################################
0, 1.000000, 0.000020
1, 0.998232, 0.003063
2, 0.996471, 0.006115
3, 0.994719, 0.009153
4, 0.992966, 0.012192
5, 0.991220, 0.015210
6, 0.989476, 0.018211
7, 0.987752, 0.021216
8, 0.986023, 0.024208
9, 0.984307, 0.027182
10, 0.982588, 0.030152
11, 0.980863, 0.033124
12, 0.979188, 0.036062
13, 0.977501, 0.039001
14, 0.975764, 0.041932
15, 0.974105, 0.044834
16, 0.972429, 0.047807
17, 0.970752, 0.050689
18, 0.969051, 0.053594
19, 0.967394, 0.056468
20, 0.965756, 0.059331
21, 0.964056, 0.062320
22, 0.962436, 0.065013
23, 0.960790, 0.067898
24, 0.959128, 0.070766
25, 0.957483, 0.073585
26, 0.955908, 0.076419
27, 0.954239, 0.079305
28, 0.952623, 0.081965
29, 0.951009, 0.084755
30, 0.949604, 0.087511
31, 0.947753, 0.090483
32, 0.946181, 0.093181
33, 0.944666, 0.095953
34, 0.943016, 0.098691
35, 0.941589, 0.101410
36, 0.939840, 0.104216
37, 0.938198, 0.106925
38, 0.936765, 0.109665
39, 0.935233, 0.112616
40, 0.933490, 0.115131
41, 0.931969, 0.117729
42, 0.930377, 0.120422
43, 0.928765, 0.123196
44, 0.927216, 0.125987
45, 0.925791, 0.128513
46, 0.924202, 0.131111
47, 0.922531, 0.134021
48, 0.921110, 0.136643
49, 0.919633, 0.139288
50, 0.918002, 0.141980
51, 0.916632, 0.144542
52, 0.914933, 0.147238
53, 0.913424, 0.149863
54, 0.911848, 0.152181
55, 0.910486, 0.154953
56, 0.908946, 0.157770
57, 0.907548, 0.160377
58, 0.905966, 0.162959
59, 0.904570, 0.165529
60, 0.903042, 0.168108
61, 0.901479, 0.170704
62, 0.899987, 0.173309
63, 0.898496, 0.175808
64, 0.897054, 0.178360
65, 0.895686, 0.181044
66, 0.894150, 0.183610
67, 0.892481, 0.186219
68, 0.890937, 0.188455
69, 0.889563, 0.191137
70, 0.888112, 0.193642
71, 0.886600, 0.196124
72, 0.885275, 0.198867
73, 0.883615, 0.201233
74, 0.882439, 0.203831
75, 0.881063, 0.206197
76, 0.879581, 0.208834
77, 0.878097, 0.211237
78, 0.876571, 0.213894
79, 0.875036, 0.216380
80, 0.873632, 0.218759
81, 0.872163, 0.221429
82, 0.870776, 0.223798
83, 0.869277, 0.226254
84, 0.867893, 0.228678
85, 0.866501, 0.231260
86, 0.865183, 0.233793
87, 0.863469, 0.235988
88, 0.862197, 0.238560
89, 0.861031, 0.241146
90, 0.859638, 0.243464
91, 0.857875, 0.246241
92, 0.856561, 0.248559
93, 0.855273, 0.251258
94, 0.853466, 0.253412
95, 0.852512, 0.255511
96, 0.850947, 0.258124
97, 0.849584, 0.260555
98, 0.848398, 0.262834
99, 0.846660, 0.265552
100, 0.845478, 0.267822
101, 0.843688, 0.270198
102, 0.842175, 0.272685
103, 0.841115, 0.274733
104, 0.839961, 0.277401
105, 0.838585, 0.279523
106, 0.836832, 0.282268
107, 0.835626, 0.284553
108, 0.834576, 0.286977
109, 0.832672, 0.289449
110, 0.830453, 0.290716
111, 0.830548, 0.294110
112, 0.828925, 0.296476
113, 0.827374, 0.298819
114, 0.825837, 0.301713
115, 0.824643, 0.303527
116, 0.823249, 0.306092
117, 0.821983, 0.308479
118, 0.820514, 0.310828
119, 0.819094, 0.313097
120, 0.817917, 0.315593
121, 0.816774, 0.317879
122, 0.815317, 0.320163
123, 0.813834, 0.322642
124, 0.812424, 0.324757
125, 0.811012, 0.327164
126, 0.809515, 0.329596
127, 0.808215, 0.331556
128, 0.807011, 0.334122
129, 0.806101, 0.336629
130, 0.804322, 0.339234
131, 0.803120, 0.341053
132, 0.801697, 0.343710
133, 0.800378, 0.345847
134, 0.798873, 0.348232
135, 0.797574, 0.350473
136, 0.796385, 0.352861
137, 0.794765, 0.355144
138, 0.793770, 0.357755
139, 0.792473, 0.359858
140, 0.791011, 0.362466
141, 0.789319, 0.364666
142, 0.787779, 0.366644
143, 0.786950, 0.369252
144, 0.785481, 0.371379
145, 0.783983, 0.373753
146, 0.782950, 0.376753
147, 0.781791, 0.378266
148, 0.780540, 0.381472
149, 0.778969, 0.383131
150, 0.777434, 0.385293
151, 0.776317, 0.387462
152, 0.774887, 0.390256
153, 0.773701, 0.392414
154, 0.771910, 0.394592
155, 0.770829, 0.396946
156, 0.769432, 0.399071
157, 0.768314, 0.401422
158, 0.766722, 0.403832
159, 0.765540, 0.406239
160, 0.763875, 0.408167
161, 0.763305, 0.411012
162, 0.761470, 0.413116
163, 0.760199, 0.415001
164, 0.759143, 0.418354
165, 0.757561, 0.420118
166, 0.755899, 0.422519
167, 0.754819, 0.424653
168, 0.753696, 0.426536
169, 0.752223, 0.429303
170, 0.750955, 0.431367
171, 0.749727, 0.433870
172, 0.748248, 0.436178
173, 0.747157, 0.438102
174, 0.745486, 0.440400
175, 0.742462, 0.443103
176, 0.743467, 0.445579
177, 0.741262, 0.447624
178, 0.741006, 0.449449
179, 0.738705, 0.452437
180, 0.737664, 0.454497
181, 0.736514, 0.456530
182, 0.735077, 0.458990
183, 0.733665, 0.461615
184, 0.732503, 0.463517
185, 0.730850, 0.466102
186, 0.729526, 0.468845
187, 0.728391, 0.470750
188, 0.726780, 0.473015
189, 0.725372, 0.475254
190, 0.723125, 0.478230
191, 0.723175, 0.479951
192, 0.720944, 0.481387
193, 0.720617, 0.484721
194, 0.718638, 0.487058
195, 0.717415, 0.489488
196, 0.716407, 0.491476
197, 0.714703, 0.493736
198, 0.713415, 0.496167
199, 0.711870, 0.499113
200, 0.711146, 0.500366
201, 0.709209, 0.503220
202, 0.708240, 0.504760
203, 0.706616, 0.507334
204, 0.706353, 0.510085
205, 0.704194, 0.512145
206, 0.702840, 0.514755
207, 0.701663, 0.517015
208, 0.699948, 0.519186
209, 0.698605, 0.521255
210, 0.696810, 0.524156
211, 0.696363, 0.525753
212, 0.694525, 0.528477
213, 0.693350, 0.530712
214, 0.692240, 0.533766
215, 0.690242, 0.536142
216, 0.689322, 0.537907
217, 0.688127, 0.540143
218, 0.686580, 0.542775
219, 0.685525, 0.545106
220, 0.683994, 0.546636
221, 0.682433, 0.550072
222, 0.681044, 0.551988
223, 0.679978, 0.554691
224, 0.678386, 0.557138
225, 0.676954, 0.558738
226, 0.676137, 0.561506
227, 0.673996, 0.564282
228, 0.673095, 0.566106
229, 0.671932, 0.568728
230, 0.670116, 0.570623
231, 0.669173, 0.573496
232, 0.667278, 0.576035
233, 0.665979, 0.578113
234, 0.664902, 0.580824
235, 0.663526, 0.582515
236, 0.661679, 0.585068
237, 0.660576, 0.588681
238, 0.660319, 0.590007
239, 0.658893, 0.593611
240, 0.656010, 0.594709
241, 0.654612, 0.597927
242, 0.653925, 0.599958
243, 0.652456, 0.601930
244, 0.650663, 0.604507
245, 0.649573, 0.606944
246, 0.647909, 0.609043
247, 0.646789, 0.611586
248, 0.644561, 0.614457
249, 0.642970, 0.618353
250, 0.642428, 0.619763
251, 0.641543, 0.620812
252, 0.639601, 0.623971
253, 0.638056, 0.626403
254, 0.636777, 0.629435
255, 0.635229, 0.631703
256, 0.634087, 0.634029
257, 0.632542, 0.636774
258, 0.631194, 0.638984
259, 0.630360, 0.641736
260, 0.628242, 0.644060
261, 0.626643, 0.646250
262, 0.623917, 0.647970
263, 0.623834, 0.651011
264, 0.622337, 0.653971
265, 0.621564, 0.656516
266, 0.619211, 0.659130
267, 0.618609, 0.661290
268, 0.616861, 0.663773
269, 0.614593, 0.666773
270, 0.614259, 0.668813
271, 0.612287, 0.671417
272, 0.610697, 0.673712
273, 0.609646, 0.676492
274, 0.608424, 0.679045
275, 0.606099, 0.680734
276, 0.604733, 0.683028
277, 0.604046, 0.685810
278, 0.602256, 0.689440
279, 0.600693, 0.691912
280, 0.598964, 0.694538
281, 0.597933, 0.696348
282, 0.596010, 0.700260
283, 0.594852, 0.702201
284, 0.592988, 0.705185
285, 0.591815, 0.708265
286, 0.590084, 0.709889
287, 0.589476, 0.712497
288, 0.587321, 0.715796
289, 0.585471, 0.718010
290, 0.583814, 0.720629
291, 0.582584, 0.722644
292, 0.580647, 0.724831
293, 0.578453, 0.728650
294, 0.577889, 0.730896
295, 0.576589, 0.734068
296, 0.575815, 0.735956
297, 0.573993, 0.738885
298, 0.571414, 0.742066
299, 0.569622, 0.744371
300, 0.568653, 0.747755
301, 0.566762, 0.750173
302, 0.564827, 0.752503
303, 0.563898, 0.755142
304, 0.562407, 0.758017
305, 0.560729, 0.760615
306, 0.559009, 0.763558
307, 0.557298, 0.766418
308, 0.555944, 0.768457
309, 0.554599, 0.772031
310, 0.553518, 0.774736
311, 0.548546, 0.776317
312, 0.547828, 0.781041
313, 0.548294, 0.783243
314, 0.544362, 0.787217
315, 0.544685, 0.788704
316, 0.542970, 0.791991
317, 0.540744, 0.794459
318, 0.539753, 0.797164
319, 0.537984, 0.800138
320, 0.536381, 0.802992
321, 0.534546, 0.805889
322, 0.532958, 0.808722
323, 0.530147, 0.812177
324, 0.529615, 0.814153
325, 0.527570, 0.817820
326, 0.526845, 0.819033
327, 0.524762, 0.823307
328, 0.523276, 0.826008
329, 0.522651, 0.829939
330, 0.518098, 0.832782
331, 0.517657, 0.834664
332, 0.516485, 0.837974
333, 0.514473, 0.841218
334, 0.513348, 0.844177
335, 0.510974, 0.846829
336, 0.508835, 0.849556
337, 0.507204, 0.853052
338, 0.506340, 0.855628
339, 0.503930, 0.858892
340, 0.502138, 0.861994
341, 0.500215, 0.864711
342, 0.498617, 0.868131
343, 0.496034, 0.871658
344, 0.496406, 0.873441
345, 0.493235, 0.876389
346, 0.491608, 0.880263
347, 0.489172, 0.882925
348, 0.487766, 0.887283
349, 0.484017, 0.889872
350, 0.484649, 0.891895
351, 0.482878, 0.895303
352, 0.481026, 0.899278
353, 0.478638, 0.903005
354, 0.477251, 0.905780
355, 0.478678, 0.911541
356, 0.473986, 0.913614
357, 0.471648, 0.915237
358, 0.470350, 0.918709
359, 0.466803, 0.923258
360, 0.465631, 0.924956
361, 0.464374, 0.928442
362, 0.462283, 0.932280
363, 0.459726, 0.936032
364, 0.458005, 0.938073
365, 0.456504, 0.941810
366, 0.454272, 0.944449
367, 0.452976, 0.948950
368, 0.450201, 0.952537
369, 0.448653, 0.955313
370, 0.446930, 0.957379
371, 0.444454, 0.961899
372, 0.442537, 0.966172
373, 0.441254, 0.969429
374, 0.438844, 0.972515
375, 0.436802, 0.976980
376, 0.434628, 0.979559
377, 0.431931, 0.983731
378, 0.430767, 0.986146
379, 0.429488, 0.990373
380, 0.426469, 0.993993
381, 0.423388, 0.997839
382, 0.424011, 1.000597
383, 0.419176, 1.004943
384, 0.417724, 1.008516
385, 0.416726, 1.011957
386, 0.415723, 1.014209
387, 0.410429, 1.021848
388, 0.409776, 1.023165
389, 0.406965, 1.027004
390, 0.404372, 1.030341
391, 0.403095, 1.033157
392, 0.400417, 1.039101
393, 0.398444, 1.041943
394, 0.395755, 1.045387
395, 0.394049, 1.050268
396, 0.391953, 1.054015
397, 0.389643, 1.056807
398, 0.385397, 1.061167
399, 0.384612, 1.064428
400, 0.382640, 1.068004
401, 0.381033, 1.072227
402, 0.377070, 1.077320
403, 0.375625, 1.081846
404, 0.373153, 1.085964
405, 0.371118, 1.089894
406, 0.368315, 1.093493
407, 0.366447, 1.097434
408, 0.363084, 1.101982
409, 0.362042, 1.106205
410, 0.359939, 1.111368
411, 0.355993, 1.114318
412, 0.354694, 1.117708
413, 0.352061, 1.122752
414, 0.349561, 1.126392
415, 0.346651, 1.131531
416, 0.345751, 1.134309
417, 0.340331, 1.138318
418, 0.339446, 1.144002
419, 0.336436, 1.149064
420, 0.334394, 1.152661
421, 0.331831, 1.156833
422, 0.328772, 1.162285
423, 0.325457, 1.167424
424, 0.324194, 1.169703
425, 0.322335, 1.174904
426, 0.319666, 1.180120
427, 0.317253, 1.184460
428, 0.313452, 1.188557
429, 0.311843, 1.193572
430, 0.308573, 1.198787
431, 0.300451, 1.199863
432, 0.300623, 1.208606
433, 0.299604, 1.213092
434, 0.296903, 1.217224
435, 0.295227, 1.222403
436, 0.291700, 1.227584
437, 0.288656, 1.232286
438, 0.284421, 1.236234
439, 0.283990, 1.244361
440, 0.279730, 1.247196
441, 0.277810, 1.251731
442, 0.273940, 1.257432
443, 0.271714, 1.261868
444, 0.269256, 1.267309
445, 0.266424, 1.271890
446, 0.263032, 1.277026
447, 0.258917, 1.283136
448, 0.254473, 1.288073
449, 0.253992, 1.294313
450, 0.246656, 1.297921
451, 0.247856, 1.304771
452, 0.243866, 1.310156
453, 0.240555, 1.314557
454, 0.238036, 1.321292
455, 0.234195, 1.326622
456, 0.231698, 1.330964
457, 0.229099, 1.337526
458, 0.224555, 1.343661
459, 0.221861, 1.346500
460, 0.218847, 1.355822
461, 0.215311, 1.360680
462, 0.209491, 1.367620
463, 0.208118, 1.371559
464, 0.204100, 1.377695
465, 0.199810, 1.384970
466, 0.198873, 1.382733
467, 0.193737, 1.396581
468, 0.189835, 1.402513
469, 0.186629, 1.408314
470, 0.182752, 1.414706
471, 0.179730, 1.421659
472, 0.175158, 1.426377
473, 0.172172, 1.433380
474, 0.168931, 1.438908
475, 0.165135, 1.447264
476, 0.161239, 1.452340
477, 0.157259, 1.459412
478, 0.153382, 1.466917
479, 0.149654, 1.472409
480, 0.145935, 1.479972
481, 0.141864, 1.487371
482, 0.138227, 1.493858
483, 0.134604, 1.500640
484, 0.129999, 1.507866
485, 0.125787, 1.513928
486, 0.121427, 1.519280
487, 0.117742, 1.528851
488, 0.114736, 1.538182
489, 0.109188, 1.543319
490, 0.105312, 1.550900
491, 0.101464, 1.558528
492, 0.095837, 1.565279
493, 0.091439, 1.573835
494, 0.086860, 1.581246
495, 0.083015, 1.588592
496, 0.077343, 1.596900
497, 0.071230, 1.603559
498, 0.069684, 1.609102
499, 0.066578, 1.619291
500, 0.060614, 1.630247
501, 0.055492, 1.635271
502, 0.051484, 1.644276
503, 0.045651, 1.651897
504, 0.040976, 1.661586
505, 0.035900, 1.669955
506, 0.031642, 1.678492
507, 0.026135, 1.687055
508, 0.021386, 1.696044
509, 0.016283, 1.704718
510, 0.010770, 1.714520
511, 0.005409, 1.723850
512, 0.000107, 1.731791
513, -0.005102, 1.741310
514, -0.011011, 1.750896
515, -0.015962, 1.759826
516, -0.021800, 1.769524
517, -0.027101, 1.779636
518, -0.032665, 1.788777
519, -0.038616, 1.798625
520, -0.043189, 1.809503
521, -0.049063, 1.819551
522, -0.055359, 1.829339
523, -0.062130, 1.842577
524, -0.067453, 1.850173
525, -0.073662, 1.860206
526, -0.081356, 1.870646
527, -0.086011, 1.881815
528, -0.093738, 1.892699
529, -0.099917, 1.904812
530, -0.104707, 1.916045
531, -0.111031, 1.925312
532, -0.119798, 1.936431
533, -0.127080, 1.951187
534, -0.127195, 1.961950
535, -0.139538, 1.979055
536, -0.149512, 1.983391
537, -0.156462, 2.000133
538, -0.160513, 2.012231
539, -0.167673, 2.022413
540, -0.175931, 2.035680
541, -0.182014, 2.048155
542, -0.190252, 2.061500
543, -0.198761, 2.075134
544, -0.206248, 2.088651
545, -0.213932, 2.102439
546, -0.221385, 2.116381
547, -0.229578, 2.128719
548, -0.238592, 2.144409
549, -0.246536, 2.157415
550, -0.255315, 2.173217
551, -0.262813, 2.187325
552, -0.271460, 2.202006
553, -0.280675, 2.217799
554, -0.288425, 2.234696
555, -0.300303, 2.252598
556, -0.308202, 2.266738
557, -0.315898, 2.279830
558, -0.326583, 2.297953
559, -0.337085, 2.314021
560, -0.345704, 2.330411
561, -0.354729, 2.347635
562, -0.366917, 2.365559
563, -0.375470, 2.383586
564, -0.386196, 2.401841
565, -0.397627, 2.419019
566, -0.406281, 2.438212
567, -0.418830, 2.457915
568, -0.431030, 2.475731
569, -0.440775, 2.496691
570, -0.453654, 2.518191
571, -0.468111, 2.534444
572, -0.478163, 2.554137
573, -0.485721, 2.577253
574, -0.501523, 2.598623
575, -0.512610, 2.619722
576, -0.524868, 2.642039
577, -0.537825, 2.664980
578, -0.551219, 2.687697
579, -0.564809, 2.711756
580, -0.578708, 2.735785
581, -0.592485, 2.758977
582, -0.606411, 2.784300
583, -0.620837, 2.808805
584, -0.635466, 2.836452
585, -0.651294, 2.860876
586, -0.666952, 2.887295
587, -0.683237, 2.914361
588, -0.699648, 2.943407
589, -0.715175, 2.970443
590, -0.731417, 3.000042
591, -0.747055, 3.030123
592, -0.765181, 3.059811
593, -0.783975, 3.090489
594, -0.801731, 3.121424
595, -0.822472, 3.154528
596, -0.839114, 3.187629
597, -0.859171, 3.220871
598, -0.880035, 3.254990
599, -0.899068, 3.290758
600, -0.916973, 3.328600
601, -0.944542, 3.361143
602, -0.961666, 3.402062
603, -0.980015, 3.443557
604, -1.009334, 3.477102
605, -1.031432, 3.522612
606, -1.058065, 3.564106
607, -1.078311, 3.599071
608, -1.101562, 3.658734
609, -1.127604, 3.696649
610, -1.165617, 3.748679
611, -1.186564, 3.787865
612, -1.215148, 3.838908
613, -1.247310, 3.889398
614, -1.273769, 3.940247
615, -1.306544, 3.993855
616, -1.339586, 4.049598
617, -1.371135, 4.102252
618, -1.403898, 4.165441
619, -1.440085, 4.225348
620, -1.475927, 4.286615
621, -1.510218, 4.352841
622, -1.549880, 4.414295
623, -1.588433, 4.485743
624, -1.630322, 4.555304
625, -1.672536, 4.627290
626, -1.715575, 4.704733
627, -1.760056, 4.781325
628, -1.809036, 4.863776
629, -1.856031, 4.947257
630, -1.907465, 5.033471
631, -1.960007, 5.125317
632, -2.014317, 5.219889
633, -2.070821, 5.316799
634, -2.128873, 5.418230
635, -2.189896, 5.525333
636, -2.253122, 5.636260
637, -2.320624, 5.751668
638, -2.389592, 5.872904
639, -2.463852, 5.997787
640, -2.537282, 6.129888
641, -2.619754, 6.270461
642, -2.705770, 6.414154
643, -2.790256, 6.567271
644, -2.888958, 6.731467
645, -2.996981, 6.890306
646, -3.084560, 7.055161
647, -3.181216, 7.255180
648, -3.303708, 7.461318
649, -3.427112, 7.666036
650, -3.552618, 7.891144
651, -3.693336, 8.129851
652, -3.837029, 8.379199
653, -3.991909, 8.650583
654, -4.161476, 8.939117
655, -4.334439, 9.246545
656, -4.529532, 9.581115
657, -4.736095, 9.936538
658, -4.958784, 10.325523
659, -5.202937, 10.749846
660, -5.466413, 11.199544
661, -5.752946, 11.699582
662, -6.068232, 12.246756
663, -6.418481, 12.847788
664, -6.801876, 13.515537
665, -7.231083, 14.256363
666, -7.709807, 15.087313
667, -8.251276, 16.027105
668, -8.867411, 17.088772
669, -9.569328, 18.311382
670, -10.383799, 19.728409
671, -11.342442, 21.378794
672, -12.476479, 23.342045
673, -13.845633, 25.716909
674, -15.527228, 28.636028
675, -17.653439, 32.314877
676, -20.418303, 37.099754
677, -24.151613, 43.571297
678, -29.488638, 52.816444
679, -37.739788, 67.106598
680, -52.172089, 92.111122
681, -83.928078, 147.121017
682, -210.951553, 367.161133
683, 424.121521, -732.960449
684, 106.596306, -182.922684
685, 61.243301, -104.347610
686, 43.088261, -72.906372
687, 33.316322, -55.981979
688, 27.210596, -45.403805
689, 23.032225, -38.166214
690, 19.991819, -32.900513
691, 17.682310, -28.898348
692, 15.867943, -25.754337
693, 14.401655, -23.218510
694, 13.197543, -21.129784
695, 12.186975, -19.381369
696, 11.329785, -17.893169
697, 10.590823, -16.613804
698, 9.947211, -15.499152
699, 9.384859, -14.523402
700, 8.882258, -13.657596
701, 8.439838, -12.886687
702, 8.043054, -12.198131
703, 7.682206, -11.574980
704, 7.355625, -11.011643
705, 7.060184, -10.496460
706, 6.786875, -10.025941
707, 6.539086, -9.597458
708, 6.314765, -9.197898
709, 6.098684, -8.833443
710, 5.903575, -8.492684
711, 5.719693, -8.173553
712, 5.548886, -7.880807
713, 5.391835, -7.603499
714, 5.240278, -7.344897
715, 5.098918, -7.107225
716, 4.974215, -6.875124
717, 4.845108, -6.662328
718, 4.735411, -6.469279
719, 4.634981, -6.265817
720, 4.516351, -6.066310
721, 4.404222, -5.907394
722, 4.320905, -5.753891
723, 4.228911, -5.596681
724, 4.143635, -5.448668
725, 4.064249, -5.309787
726, 3.986351, -5.174902
727, 3.912568, -5.047503
728, 3.843133, -4.925741
729, 3.775246, -4.804947
730, 3.709772, -4.694117
731, 3.652862, -4.590070
732, 3.587553, -4.482896
733, 3.530188, -4.384355
734, 3.475599, -4.289848
735, 3.422907, -4.199252
736, 3.370471, -4.108994
737, 3.323933, -4.025267
738, 3.273347, -3.939657
739, 3.228638, -3.862813
740, 3.187060, -3.787780
741, 3.144861, -3.713269
742, 3.099782, -3.639545
743, 3.063817, -3.574310
744, 3.023864, -3.505126
745, 2.983037, -3.439945
746, 2.952493, -3.380253
747, 2.912989, -3.318397
748, 2.879434, -3.259089
749, 2.847214, -3.200089
750, 2.815556, -3.147493
751, 2.783548, -3.093413
752, 2.752205, -3.036419
753, 2.723720, -2.990825
754, 2.697852, -2.937763
755, 2.663812, -2.882134
756, 2.637004, -2.854382
757, 2.607860, -2.801018
758, 2.599567, -2.762084
759, 2.564358, -2.707667
760, 2.539978, -2.669349
761, 2.519108, -2.629719
762, 2.491650, -2.584548
763, 2.471413, -2.549384
764, 2.450874, -2.509297
765, 2.425539, -2.472846
766, 2.406634, -2.437817
767, 2.386649, -2.400905
768, 2.364564, -2.366316
769, 2.345684, -2.333021
770, 2.327677, -2.299765
771, 2.310850, -2.268251
772, 2.290756, -2.235989
773, 2.272956, -2.202961
774, 2.254221, -2.174114
775, 2.234383, -2.147790
776, 2.219878, -2.116535
777, 2.202815, -2.085608
778, 2.188425, -2.058636
779, 2.172537, -2.030749
780, 2.156628, -2.004128
781, 2.140421, -1.976935
782, 2.125340, -1.950499
783, 2.113061, -1.925512
784, 2.096620, -1.902557
785, 2.084561, -1.877521
786, 2.070250, -1.853483
787, 2.057250, -1.829876
788, 2.043743, -1.807389
789, 2.030304, -1.786863
790, 2.018765, -1.762528
791, 2.006585, -1.748694
792, 1.994100, -1.719930
793, 1.986038, -1.694529
794, 1.971073, -1.670155
795, 1.950824, -1.652212
796, 1.943506, -1.637285
797, 1.933768, -1.616291
798, 1.920117, -1.597085
799, 1.911727, -1.577504
800, 1.901289, -1.557881
801, 1.888140, -1.542533
802, 1.878449, -1.525560
803, 1.868052, -1.504747
804, 1.858786, -1.488653
805, 1.851076, -1.470043
806, 1.839773, -1.451470
807, 1.827293, -1.438241
808, 1.819884, -1.420428
809, 1.809557, -1.404505
810, 1.800563, -1.389027
811, 1.792898, -1.371152
812, 1.783350, -1.357958
813, 1.773409, -1.342122
814, 1.766921, -1.326781
815, 1.756156, -1.310826
816, 1.751920, -1.297674
817, 1.740244, -1.281992
818, 1.733975, -1.268541
819, 1.723190, -1.250568
820, 1.716307, -1.241507
821, 1.705556, -1.226668
822, 1.700233, -1.213063
823, 1.691137, -1.201581
824, 1.687266, -1.186729
825, 1.676253, -1.173290
826, 1.677816, -1.172128
827, 1.661475, -1.146625
828, 1.661392, -1.132171
829, 1.650121, -1.125143
830, 1.634295, -1.111996
831, 1.633988, -1.111620
832, 1.629204, -1.084697
833, 1.627002, -1.078996
834, 1.614090, -1.067098
835, 1.608810, -1.053097
836, 1.602332, -1.039244
837, 1.595437, -1.031154
838, 1.589387, -1.019222
839, 1.583658, -1.005659
840, 1.577971, -0.995737
841, 1.569997, -0.989255
842, 1.567251, -0.974040
843, 1.559505, -0.969402
844, 1.556200, -0.958277
845, 1.547751, -0.945776
846, 1.538235, -0.934712
847, 1.535150, -0.927084
848, 1.529360, -0.918455
849, 1.523499, -0.905108
850, 1.517630, -0.896637
851, 1.513662, -0.886382
852, 1.506841, -0.874693
853, 1.503968, -0.868192
854, 1.498651, -0.861982
855, 1.492389, -0.852157
856, 1.486776, -0.842364
857, 1.485495, -0.834596
858, 1.475937, -0.824488
859, 1.469553, -0.814366
860, 1.466327, -0.807632
861, 1.461768, -0.797881
862, 1.458122, -0.790461
863, 1.454015, -0.778653
864, 1.446117, -0.774903
865, 1.439646, -0.767937
866, 1.438717, -0.757699
867, 1.435921, -0.749104
868, 1.429130, -0.735654
869, 1.421460, -0.731268
870, 1.418627, -0.726980
871, 1.414904, -0.716589
872, 1.407341, -0.710268
873, 1.405252, -0.704810
874, 1.403167, -0.696635
875, 1.396327, -0.682944
876, 1.392234, -0.679616
877, 1.388305, -0.670959
878, 1.383324, -0.664503
879, 1.381460, -0.657350
880, 1.376473, -0.647735
881, 1.371343, -0.643837
882, 1.367961, -0.638339
883, 1.365411, -0.629482
884, 1.359690, -0.623440
885, 1.355700, -0.616498
886, 1.350957, -0.608983
887, 1.348014, -0.601529
888, 1.342125, -0.596471
889, 1.339486, -0.585934
890, 1.337400, -0.581087
891, 1.333270, -0.577541
892, 1.326819, -0.571375
893, 1.322348, -0.563809
894, 1.320385, -0.555963
895, 1.318549, -0.550110
896, 1.314517, -0.544218
897, 1.309578, -0.537914
898, 1.309073, -0.532346
899, 1.303374, -0.523837
900, 1.298581, -0.518729
901, 1.296038, -0.514414
902, 1.294003, -0.507629
903, 1.288747, -0.499801
904, 1.284402, -0.500786
905, 1.280153, -0.490901
906, 1.284830, -0.488536
907, 1.275154, -0.478662
908, 1.272627, -0.472544
909, 1.270138, -0.467337
910, 1.266048, -0.461609
911, 1.263574, -0.457120
912, 1.261801, -0.450897
913, 1.257604, -0.444674
914, 1.254592, -0.440653
915, 1.250962, -0.433240
916, 1.246511, -0.428754
917, 1.244250, -0.424433
918, 1.244208, -0.419885
919, 1.237717, -0.413575
920, 1.235209, -0.408102
921, 1.233237, -0.402766
922, 1.227952, -0.397489
923, 1.226432, -0.393630
924, 1.224105, -0.387009
925, 1.221712, -0.383485
926, 1.218216, -0.377913
927, 1.215950, -0.373053
928, 1.210185, -0.368265
929, 1.206755, -0.363376
930, 1.208144, -0.355444
931, 1.204411, -0.353797
932, 1.201563, -0.349140
933, 1.198579, -0.343046
934, 1.195039, -0.338237
935, 1.192999, -0.334986
936, 1.190760, -0.327662
937, 1.187644, -0.324472
938, 1.183378, -0.319818
939, 1.182129, -0.315580
940, 1.180798, -0.313452
941, 1.180141, -0.305495
942, 1.176055, -0.298690
943, 1.167309, -0.298270
944, 1.168200, -0.293317
945, 1.144628, -0.279986
946, 1.160872, -0.285035
947, 1.161161, -0.278687
948, 1.158895, -0.276595
949, 1.156156, -0.270116
950, 1.153610, -0.267063
951, 1.151620, -0.261816
952, 1.147662, -0.258657
953, 1.147197, -0.252658
954, 1.143033, -0.248291
955, 1.140912, -0.243511
956, 1.139097, -0.242332
957, 1.137243, -0.235781
958, 1.133435, -0.233293
959, 1.132174, -0.228248
960, 1.130702, -0.222687
961, 1.126284, -0.224032
962, 1.123171, -0.214689
963, 1.124449, -0.212546
964, 1.120440, -0.209986
965, 1.116228, -0.203238
966, 1.117264, -0.201946
967, 1.112748, -0.196388
968, 1.105802, -0.191527
969, 1.108722, -0.189962
970, 1.105968, -0.184495
971, 1.102496, -0.180800
972, 1.101713, -0.177703
973, 1.099998, -0.172166
974, 1.098443, -0.168804
975, 1.096299, -0.166021
976, 1.092724, -0.162755
977, 1.087923, -0.158788
978, 1.085320, -0.153098
979, 1.088428, -0.156978
980, 1.084330, -0.148683
981, 1.081999, -0.125338
982, 1.081108, -0.139254
983, 1.080140, -0.136630
984, 1.077141, -0.134494
985, 1.073928, -0.131689
986, 1.072250, -0.126903
987, 1.069402, -0.121728
988, 1.068850, -0.118699
989, 1.066902, -0.114279
990, 1.062867, -0.112114
991, 1.062623, -0.109691
992, 1.059676, -0.103285
993, 1.058669, -0.100786
994, 1.055998, -0.098482
995, 1.055715, -0.095323
996, 1.053792, -0.090495
997, 1.049699, -0.087089
998, 1.048891, -0.084138
999, 1.046083, -0.082469
1000, 1.044298, -0.077944
1001, 1.043065, -0.074375
1002, 1.041194, -0.069677
1003, 1.038699, -0.069632
1004, 1.035776, -0.064569
1005, 1.036084, -0.060446
1006, 1.034545, -0.056807
1007, 1.032455, -0.054953
1008, 1.030953, -0.052981
1009, 1.028069, -0.047830
1010, 1.025650, -0.044837
1011, 1.022413, -0.040883
1012, 1.022047, -0.037371
1013, 1.020028, -0.034774
1014, 1.020899, -0.038655
1015, 1.019301, -0.027630
1016, 1.015722, -0.021880
1017, 1.010713, -0.019069
1018, 1.009924, -0.019143
1019, 1.008656, -0.008749
1020, 1.007512, -0.012910
1021, 1.005848, -0.009452
1022, 1.003805, -0.005892
1023, 1.001390, -0.001562
78713.601562, 64940.175781,0.000000, 246865.937500
