input successed!
output_ref successed!
input_ref successed!
| SIZE |  Execution Time (us)             |   Shared   | #threads |
|log(N)|   Ours   |   cuFFT   | Memory (KB)|          |
|     3|    7.156 |    8.227  |   0.062   |   0.000    |         1|
|     4|    7.136 |    7.884  |   0.125   |   0.000    |         2|
|     5|    7.404 |    8.039  |   0.250   |   0.000    |         4|
|     6|    7.590 |    7.880  |   0.500   |   0.000    |         8|
|     7|    7.809 |    8.148  |   1.000   |   0.000    |        16|
|     8|    7.816 |    8.347  |   2.000   |   0.000    |        32|
|     9|    8.050 |    8.833  |   4.000   |   0.000    |        64|
|    10|    8.683 |    8.860  |   8.000   |   0.000    |       128|
|    11|    9.812 |   10.035  |  16.000   |   0.000    |       256|
|    12|   11.923 |   10.848  |  32.000   |   0.000    |       512|
|    13|   19.780 |   15.086  |  64.000   |   0.000    |      1024|
|    14|   17.140 |   24.906  | 128.000   |   0.000    |      2048|
|    15|   18.835 |   15.914  | 256.000   |   0.000    |      4096|
|    16|   29.890 |   14.799  | 512.000   |   0.000    |      8192|
|    17|   19.922 |   17.268  |1024.000   |   0.000    |     16384|
|    18|   34.041 |   20.007  |2048.000   |   0.000    |     32768|
|    19|   31.192 |   27.885  |4096.000   |   0.000    |     65536|
|    20|   42.706 |   44.226  |8192.000   |   0.000    |    131072|
|    21|   75.639 |   75.724  |16384.000   |   0.000    |    262144|
|    22|  144.764 |  145.850  |32768.000   |   0.000    |    524288|
|    23|  369.146 |  302.861  |65536.000   |   0.000    |   1048576|
|    24|  695.127 |  619.096  |131072.000   |   0.000    |   2097152|
|    25| 1492.902 | 1315.481  |262144.000   |   0.000    |   4194304|
|    26| 2924.439 | 2592.415  |524288.000   |   0.000    |   8388608|
|    27| 5832.088 | 5097.280  |1048576.000   |   0.000    |  16777216|
|    28| 11355.444 | 10036.103  |2097152.000   |   0.000    |  33554432|
|    29| 22680.307 | 19904.701  |4194304.000   |   0.000    |  67108864|
Execution Time
t_fft = th.as_tensor([0.007156,0.007136,0.007404,0.007590,0.007809,0.007816,0.008050,0.008683,0.009812,0.011923,0.019780,0.017140,0.018835,0.029890,0.019922,0.034041,0.031192,0.042706,0.075639,0.144764,0.369146,0.695127,1.492902,2.924439,5.832088,11.355444,22.680307,])
t_cufft = th.as_tensor([0.008227,0.007884,0.008039,0.007880,0.008148,0.008347,0.008833,0.008860,0.010035,0.010848,0.015086,0.024906,0.015914,0.014799,0.017268,0.020007,0.027885,0.044226,0.075724,0.145850,0.302861,0.619096,1.315481,2.592415,5.097281,10.036102,19.904701,])

 Flops
gflops_fft = th.as_tensor([     0.0,     0.0,     0.1,     0.3,     0.6,     1.3,     2.9,     5.9,    11.5,    20.6,    26.9,    66.9,   130.5,   175.4,   559.2,   693.1,  1596.8,  2455.4,  2911.2,  3187.1,  2613.3,  2896.3,  2809.5,  2983.2,  3106.8,  3309.5,  3432.3,])
gflops_cufft = th.as_tensor([     0.0,     0.0,     0.1,     0.2,     0.5,     1.2,     2.6,     5.8,    11.2,    22.7,    35.3,    46.0,   154.4,   354.3,   645.2,  1179.2,  1786.2,  2371.0,  2907.9,  3163.4,  3185.3,  3251.9,  3188.4,  3365.3,  3554.7,  3744.6,  3910.9,])
