adasdasda
#################################3
| SIZE |  Execution Time (us)             |   Shared   | #threads |
|log(N)|   Ours   |   cuFFT   | Memory (KB)|          |
|     1|    8.883 |   10.246  |   2.000   |9748109281457543806189568.000    |        32|
adasdasda
#################################3
|     8|    8.461 |    9.280  |   2.000   |   0.000    |        32|
adasdasda
#################################3
|    16|    8.406 |    9.850  |   2.000   |   0.000    |        32|
adasdasda
#################################3
|    32|    8.454 |    9.024  |   2.000   |   0.000    |        32|
adasdasda
#################################3
|    64|    8.371 |    9.187  |   2.000   |   0.000    |        32|
adasdasda
#################################3
|   128|    8.522 |    9.334  |   2.000   |   0.000    |        32|
adasdasda
#################################3
|   256|    8.445 |    9.357  |   2.000   |   0.000    |        32|
adasdasda
#################################3
|   512|    9.062 |   10.029  |   2.000   |   0.000    |        32|
adasdasda
#################################3
|  1024|   10.678 |   11.011  |   2.000   |   0.000    |        32|
Execution Time
t_fft = th.as_tensor([0.008883,0.008461,0.008406,0.008454,0.008371,0.008522,0.008445,0.009062,0.010678,])
t_cufft = th.as_tensor([0.010246,0.009280,0.009850,0.009024,0.009187,0.009334,0.009357,0.010029,0.011011,])

 Flops
gflops_fft = th.as_tensor([     1.2,     9.7,    19.5,    38.8,    78.3,   153.8,   310.4,   578.5,   982.0,])
gflops_cufft = th.as_tensor([     1.0,     8.8,    16.6,    36.3,    71.3,   140.4,   280.2,   522.8,   952.3,])
