adasdasda
#################################3
| SIZE |  Execution Time (us)             |   Shared   | #threads |
|log(N)|   Ours   |   cuFFT   | Memory (KB)|          |
|     1|    9.651 |   11.152  |   2.000   |9748109281457543806189568.000    |        32|
adasdasda
#################################3
|     2|    9.104 |    9.008  |   2.000   |   0.000    |        32|
adasdasda
#################################3
|     4|    8.934 |    8.989  |   2.000   |   0.000    |        32|
adasdasda
#################################3
|     8|    8.922 |    8.749  |   2.000   |   0.000    |        32|
adasdasda
#################################3
|    16|    8.979 |    8.758  |   2.000   |   0.000    |        32|
adasdasda
#################################3
|    32|    9.235 |    8.992  |   2.000   |   0.000    |        32|
adasdasda
#################################3
|    64|    9.450 |    9.312  |   2.000   |   0.000    |        32|
adasdasda
#################################3
|   128|    9.690 |    9.411  |   2.000   |   0.000    |        32|
adasdasda
#################################3
|   256|    9.846 |    9.482  |   2.000   |   0.000    |        32|
Execution Time
t_fft = th.as_tensor([0.009651,0.009104,0.008934,0.008922,0.008979,0.009235,0.009450,0.009690,0.009846,])
t_cufft = th.as_tensor([0.011152,0.009008,0.008989,0.008749,0.008758,0.008992,0.009312,0.009411,0.009482,])

 Flops
gflops_fft = th.as_tensor([     1.1,     2.2,     4.6,     9.2,    18.2,    35.5,    69.4,   135.3,   266.2,])
gflops_cufft = th.as_tensor([     0.9,     2.3,     4.6,     9.4,    18.7,    36.4,    70.4,   139.3,   276.5,])
