adasdasda
#################################3
| SIZE |  Execution Time (us)             |   Shared   | #threads |
|log(N)|   Ours   |   cuFFT   | Memory (KB)|          |
|     1|    9.072 |   10.746  |   2.000   |9748109281457543806189568.000    |        32|
adasdasda
#################################3
|     2|    8.669 |    9.683  |   2.000   |   0.000    |        32|
adasdasda
#################################3
|     4|    8.131 |    9.030  |   2.000   |   0.000    |        32|
adasdasda
#################################3
|     8|    8.176 |    8.739  |   2.000   |   0.000    |        32|
adasdasda
#################################3
|    16|    8.074 |    8.845  |   2.000   |   0.000    |        32|
adasdasda
#################################3
|    32|    8.144 |    8.835  |   2.000   |   0.000    |        32|
adasdasda
#################################3
|    64|    8.403 |    8.893  |   2.000   |   0.000    |        32|
adasdasda
#################################3
|   128|    8.474 |    9.283  |   2.000   |   0.000    |        32|
adasdasda
#################################3
|   256|    8.637 |    9.414  |   2.000   |   0.000    |        32|
Execution Time
t_fft = th.as_tensor([0.009072,0.008669,0.008131,0.008176,0.008074,0.008144,0.008403,0.008474,0.008637,])
t_cufft = th.as_tensor([0.010746,0.009683,0.009030,0.008739,0.008845,0.008835,0.008893,0.009283,0.009414,])

 Flops
gflops_fft = th.as_tensor([     1.1,     2.4,     5.0,    10.0,    20.3,    40.2,    78.0,   154.7,   303.5,])
gflops_cufft = th.as_tensor([     1.0,     2.1,     4.5,     9.4,    18.5,    37.1,    73.7,   141.2,   278.5,])
