adasdasda
#################################3
| SIZE |  Execution Time (us)             |   Shared   | #threads |
|log(N)|   Ours   |   cuFFT   | Memory (KB)|          |
|     1|   10.566 |   11.568  |   2.000   |9748109281457543806189568.000    |        32|
adasdasda
#################################3
|     8|    9.408 |    9.027  |   2.000   |   0.000    |        32|
adasdasda
#################################3
|    16|    9.104 |    9.226  |   2.000   |   0.000    |        32|
adasdasda
#################################3
|    32|    9.254 |    9.229  |   2.000   |   0.000    |        32|
adasdasda
#################################3
|    64|    9.421 |    9.242  |   2.000   |   0.000    |        32|
adasdasda
#################################3
|   128|    9.750 |    9.443  |   2.000   |   0.000    |        32|
adasdasda
#################################3
|   256|    9.718 |   10.739  |   2.000   |   0.000    |        32|
adasdasda
#################################3
|   512|   11.091 |   10.627  |   2.000   |   0.000    |        32|
adasdasda
#################################3
|  1024|   12.230 |   11.187  |   2.000   |   0.000    |        32|
Execution Time
t_fft = th.as_tensor([0.010566,0.009408,0.009104,0.009254,0.009421,0.009750,0.009718,0.011091,0.012230,])
t_cufft = th.as_tensor([0.011568,0.009027,0.009226,0.009229,0.009242,0.009443,0.010739,0.010627,0.011187,])

 Flops
gflops_fft = th.as_tensor([     1.0,     8.7,    18.0,    35.4,    69.6,   134.4,   269.7,   472.7,   857.4,])
gflops_cufft = th.as_tensor([     0.9,     9.1,    17.8,    35.5,    70.9,   138.8,   244.1,   493.3,   937.3,])
