      64|
    2.00|
tx 0 i 0 j 0 r 0.000000 c 0.000000
tx 0 i 0 j 0 r 0.000000 c 0.000000
tx 0 i 0 j 1 r 0.000000 c 0.000000
tx 0 i 0 j 1 r 0.000000 c 0.000000
tx 0 i 0 j 2 r 0.000000 c 16.000000
tx 0 i 0 j 2 r 0.000000 c 16.000000
tx 0 i 0 j 3 r 0.000000 c 16.000000
tx 0 i 0 j 3 r 0.000000 c 16.000000
tx 0 i 1 j 0 r 0.000000 c 16.000000
tx 0 i 1 j 0 r 0.000000 c 16.000000
tx 0 i 1 j 1 r 0.000000 c 16.000000
tx 0 i 1 j 1 r 0.000000 c 16.000000
tx 0 i 1 j 2 r 0.000000 c 16.000000
tx 0 i 1 j 2 r 0.000000 c 16.000000
tx 0 i 1 j 3 r 0.000000 c 16.000000
tx 0 i 1 j 3 r 0.000000 c 16.000000
error is 33.00000, relateive error is  3.66667,  -9.00000,24.00000. row: 1, col: 0, real or imag: 0
Failed to pass the correctness verification against NVIDIA cuBLAS. Exited.
srun: error: nid008281: task 0: Exited with exit code 253
srun: Terminating StepId=16074518.0
