      64|
    2.00|
tx 0 i 0 j 0 r 0 c 0
tx 0 i 0 j 0 r 0 c 1
tx 0 i 0 j 1 r 0 c 0
tx 0 i 0 j 1 r 49 c 2
tx 0 i 0 j 2 r 0 c 0
tx 0 i 0 j 2 r 49 c 2
tx 0 i 0 j 3 r 0 c 0
tx 0 i 0 j 3 r 49 c 2
tx 0 i 1 j 0 r 0 c 0
tx 0 i 1 j 0 r 49 c 2
tx 0 i 1 j 1 r 0 c 0
tx 0 i 1 j 1 r 49 c 2
tx 0 i 1 j 2 r 0 c 0
tx 0 i 1 j 2 r 49 c 2
tx 0 i 1 j 3 r 0 c 0
tx 0 i 1 j 3 r 49 c 2
error is 30.00000, relateive error is  3.33333,  -9.00000,-39.00000. row: 1, col: 0, real or imag: 0
Failed to pass the correctness verification against NVIDIA cuBLAS. Exited.
srun: error: nid003364: task 0: Exited with exit code 253
srun: Terminating StepId=16074681.0
