input successed!
output_ref successed!
input_ref successed!
| SIZE |  Execution Time (us)             |   Shared   | #threads |
|log(N)|   Ours   |   cuFFT   | Memory (KB)|          |
|     3|    7.716 |    8.069  |   0.062   |   0.000    |         1|
|     4|    7.755 |    7.733  |   0.125   |   0.000    |         2|
|     5|    8.320 |    8.476  |   0.250   |   0.000    |         4|
|     6|    8.673 |    8.208  |   0.500   |   0.000    |         8|
|     7|    8.653 |    8.753  |   1.000   |   0.000    |        16|
|     8|    9.933 |    8.608  |   2.000   |   0.000    |        32|
|     9|    9.136 |    9.197  |   4.000   |   0.000    |        64|
|    10|    9.816 |    9.174  |   8.000   |   0.000    |       128|
|    11|   12.638 |   10.176  |  16.000   |   0.000    |       256|
|    12|   16.498 |   10.918  |  32.000   |   0.000    |       512|
|    13|   24.508 |   15.122  |  64.000   |   0.000    |      1024|
|    14|   18.507 |   25.359  | 128.000   |   0.000    |      2048|
|    15|   21.153 |   16.216  | 256.000   |   0.000    |      4096|
|    16|   34.593 |   15.304  | 512.000   |   0.000    |      8192|
|    17|   23.067 |   17.994  |1024.000   |   0.000    |     16384|
|    18|   39.227 |   20.150  |2048.000   |   0.000    |     32768|
|    19|   37.820 |   28.529  |4096.000   |   0.000    |     65536|
|    20|   53.290 |   45.785  |8192.000   |   0.000    |    131072|
|    21|   92.389 |   76.357  |16384.000   |   0.000    |    262144|
|    22|  169.821 |  146.218  |32768.000   |   0.000    |    524288|
|    23|  397.116 |  305.050  |65536.000   |   0.000    |   1048576|
|    24|  752.308 |  622.097  |131072.000   |   0.000    |   2097152|
|    25| 1619.259 | 1317.047  |262144.000   |   0.000    |   4194304|
|    26| 3149.028 | 2592.993  |524288.000   |   0.000    |   8388608|
|    27| 6647.163 | 5098.922  |1048576.000   |   0.000    |  16777216|
|    28| 12771.290 | 10048.806  |2097152.000   |   0.000    |  33554432|
|    29| 26222.268 | 19935.785  |4194304.000   |   0.000    |  67108864|
Execution Time
t_fft = th.as_tensor([0.007716,0.007755,0.008320,0.008673,0.008653,0.009933,0.009136,0.009816,0.012638,0.016498,0.024508,0.018507,0.021153,0.034593,0.023067,0.039227,0.037820,0.053290,0.092389,0.169821,0.397116,0.752308,1.619259,3.149028,6.647162,12.771290,26.222267,])
t_cufft = th.as_tensor([0.008069,0.007733,0.008476,0.008208,0.008753,0.008608,0.009197,0.009174,0.010176,0.010918,0.015122,0.025359,0.016216,0.015304,0.017994,0.020150,0.028529,0.045785,0.076357,0.146218,0.305050,0.622097,1.317047,2.592993,5.098922,10.048805,19.935785,])

 Flops
gflops_fft = th.as_tensor([     0.0,     0.0,     0.1,     0.2,     0.5,     1.0,     2.5,     5.2,     8.9,    14.9,    21.7,    62.0,   116.2,   151.6,   483.0,   601.5,  1316.9,  1967.7,  2383.4,  2716.8,  2429.2,  2676.1,  2590.3,  2770.4,  2725.9,  2942.6,  2968.7,])
gflops_cufft = th.as_tensor([     0.0,     0.0,     0.1,     0.2,     0.5,     1.2,     2.5,     5.6,    11.1,    22.5,    35.2,    45.2,   151.6,   342.6,   619.2,  1170.8,  1745.8,  2290.2,  2883.8,  3155.4,  3162.4,  3236.3,  3184.6,  3364.5,  3553.6,  3739.8,  3904.9,])
