up1 8148.437012, -0.025879, -0.000003
up1 8089.392578, 0.175049, 0.000022
up1 8135.678711, 0.262939, 0.000032
up1 7913.885742, 0.300781, 0.000038
up1 7963.323242, 0.227051, 0.000029
up1 7929.242676, 0.338135, 0.000043
up1 7391.819336, 0.304199, 0.000041
up1 7969.591797, 0.213379, 0.000027
up1 8005.630859, 0.214111, 0.000027
up1 8043.513672, 0.187500, 0.000023
up1 8699.059570, 0.165039, 0.000019
up1 8146.219238, 0.155273, 0.000019
up1 8215.378906, -0.083008, -0.000010
up1 8199.277344, 0.224609, 0.000027
up1 8111.656250, 0.290283, 0.000036
up1 7574.106934, 0.242188, 0.000032
up1 7486.807129, 0.064941, 0.000009
up1 7975.946777, 0.524414, 0.000066
up1 7872.075195, 0.164307, 0.000021
up1 8731.236328, 0.182617, 0.000021
up1 8155.402344, 0.315918, 0.000039
up1 7943.992188, 0.236816, 0.000030
up1 8532.788086, 0.168945, 0.000020
up1 8396.726562, 0.355469, 0.000042
up1 8127.325684, 0.365967, 0.000045
up1 8319.296875, 0.425781, 0.000051
up1 8205.697266, 0.175293, 0.000021
up1 6795.838867, 0.307617, 0.000045
up1 7429.501465, -0.109619, -0.000015
up1 9101.405273, 0.295898, 0.000033
up1 7538.319336, 0.302734, 0.000040
up1 7506.463379, 0.111816, 0.000015
up1 8355.656250, 0.119629, 0.000014
up1 8525.134766, 0.272949, 0.000032
up1 8089.813477, 0.458008, 0.000057
up1 8069.590820, 0.219482, 0.000027
up1 8406.185547, 0.110840, 0.000013
up1 8411.609375, 0.168701, 0.000020
up1 7966.114746, 0.295410, 0.000037
up1 8104.965820, 0.067627, 0.000008
up1 7904.759766, 0.233887, 0.000030
up1 8107.470215, 0.143066, 0.000018
up1 7730.247070, 0.228271, 0.000030
up1 8031.354492, 0.232422, 0.000029
up1 8446.774414, 0.042969, 0.000005
up1 8251.415039, 0.281982, 0.000034
up1 8221.383789, 0.086182, 0.000010
up1 7663.549316, 0.103516, 0.000014
up1 7619.061523, 0.339844, 0.000045
up1 8292.112305, 0.407715, 0.000049
up1 7758.905273, 0.334961, 0.000043
up1 7436.953613, 0.106445, 0.000014
up1 7678.103516, 0.237305, 0.000031
up1 8358.609375, 0.252686, 0.000030
up1 8503.333984, 0.209473, 0.000025
up1 8471.498047, 0.283691, 0.000033
up1 8139.030273, 0.266846, 0.000033
up1 7638.555664, 0.151855, 0.000020
up1 8338.721680, 0.377197, 0.000045
up1 7858.086914, 0.270020, 0.000034
up1 8064.975586, 0.165039, 0.000020
up1 7660.021484, 0.179688, 0.000023
up1 8018.019531, 0.377686, 0.000047
up1 7687.813477, 0.104248, 0.000014
up1 8451.610352, 0.138428, 0.000016
up1 8485.849609, 0.243652, 0.000029
up1 7866.627441, 0.057373, 0.000007
up1 8836.696289, 0.088867, 0.000010
up1 8882.629883, 0.416992, 0.000047
up1 8304.015625, 0.210693, 0.000025
up1 7886.251465, 0.025635, 0.000003
up1 8231.735352, 0.210449, 0.000026
up1 7986.458008, 0.220215, 0.000028
up1 7470.476562, 0.166992, 0.000022
up1 8263.894531, 0.405762, 0.000049
up1 7773.781250, 0.156738, 0.000020
up1 8079.639160, 0.371094, 0.000046
up1 8130.921387, -0.071289, -0.000009
up1 8025.961914, 0.041992, 0.000005
up1 8045.289551, 0.256836, 0.000032
up1 7768.735352, 0.234619, 0.000030
up1 7732.796387, -0.001953, -0.000000
up1 8704.823242, 0.040039, 0.000005
up1 8311.313477, 0.056152, 0.000007
up1 7711.542969, 0.154297, 0.000020
up1 7993.936035, 0.009766, 0.000001
up1 8091.884277, 0.365479, 0.000045
up1 8515.288086, 0.249023, 0.000029
up1 7487.372070, 0.171143, 0.000023
up1 8276.238281, 0.194336, 0.000023
up1 8566.042969, 0.225098, 0.000026
up1 7829.635254, 0.173340, 0.000022
up1 8003.974609, 0.032715, 0.000004
up1 8682.164062, 0.200684, 0.000023
up1 7862.596680, -0.017822, -0.000002
up1 8379.656250, 0.052246, 0.000006
up1 8292.188477, 0.549805, 0.000066
up1 7826.783203, 0.242676, 0.000031
up1 8307.521484, -0.017090, -0.000002
up1 7759.503418, 0.354980, 0.000046
up1 8534.303711, 0.393555, 0.000046
up1 8212.378906, 0.117676, 0.000014
up1 8207.806641, 0.117676, 0.000014
up1 8199.036133, 0.041504, 0.000005
up1 7690.095703, 0.157227, 0.000020
up1 7626.834961, 0.208008, 0.000027
up1 8177.993164, 0.155762, 0.000019
up1 8818.378906, 0.114746, 0.000013
up1 7754.502441, 0.290039, 0.000037
up1 8641.340820, 0.198730, 0.000023
up1 8113.429199, 0.437500, 0.000054
up1 8034.587891, 0.178955, 0.000022
up1 8220.851562, 0.041504, 0.000005
up1 7559.153809, 0.244385, 0.000032
up1 7662.391113, 0.002441, 0.000000
up1 8256.669922, 0.091309, 0.000011
up1 9290.093750, 0.097168, 0.000010
up1 7621.527344, 0.135742, 0.000018
up1 8331.556641, 0.188477, 0.000023
up1 7585.068359, 0.093262, 0.000012
up1 8514.923828, 0.351562, 0.000041
up1 7081.883301, 0.084961, 0.000012
up1 8372.046875, 0.229492, 0.000027
up1 8418.037109, 0.184570, 0.000022
up1 7811.817383, 0.183105, 0.000023
up1 8161.587891, 0.128906, 0.000016
up1 8086.859375, 0.210938, 0.000026
up1 8105.336914, 0.218262, 0.000027
up2 28660.125000, 21.551758, 0.000752
up2 -9479.790039, 6.910156, -0.000729
up2 5714.590820, 6.813477, 0.001192
up2 25442.337891, 6.976562, 0.000274
up2 16767.177734, 17.656250, 0.001053
up2 6846.240234, -9.759766, -0.001426
up2 -8483.796875, -5.003906, 0.000590
up2 7964.973633, 4.626953, 0.000581
up2 -4629.868164, 4.736328, -0.001023
up2 1571.512207, -4.566406, -0.002906
up2 -7752.452148, -4.604492, 0.000594
up2 -6364.966797, 10.371094, -0.001629
up2 -14231.121094, 0.683594, -0.000048
up2 6169.273438, -4.789062, -0.000776
up2 -26518.300781, 0.679688, -0.000026
up2 -19555.167969, 2.621094, -0.000134
up2 18385.300781, -10.201172, -0.000555
up2 -1705.279785, 1.550781, -0.000909
up2 -7804.588867, 30.812500, -0.003948
up2 -31.310791, -7.469727, 0.238567
up2 -16644.851562, 2.140625, -0.000129
up2 -5790.162109, -6.560547, 0.001133
up2 -6737.089355, -4.285156, 0.000636
up2 13825.990234, -13.645508, -0.000987
up2 3477.214600, -7.832031, -0.002252
up2 16523.308594, -7.628906, -0.000462
up2 380.062500, 15.414062, 0.040557
up2 6906.411621, 24.736328, 0.003582
up2 -4169.859375, -13.339844, 0.003199
up2 -7300.336426, 2.201172, -0.000302
up2 -3288.275391, -15.343750, 0.004666
up2 -3805.805420, 4.232422, -0.001112
up2 -5975.898438, 3.613281, -0.000605
up2 15785.826172, 9.125977, 0.000578
up2 -847.159180, -12.921875, 0.015253
up2 -3440.823486, -4.279297, 0.001244
up2 3764.935547, -16.097656, -0.004276
up2 43658.375000, -5.285156, -0.000121
up2 9960.324219, 2.859375, 0.000287
up2 6650.481445, -18.000000, -0.002707
up2 9703.051758, 10.441406, 0.001076
up2 -4252.272949, 1.296875, -0.000305
up2 2727.664307, -9.437500, -0.003460
up2 16729.476562, -9.707031, -0.000580
up2 -8145.058105, 2.187500, -0.000269
up2 -13624.324219, -10.302734, 0.000756
up2 -3972.454102, -23.210938, 0.005843
up2 987.313477, -20.539062, -0.020803
up2 286.605469, 0.210938, 0.000736
up2 34974.593750, -11.729492, -0.000335
up2 -8820.206055, -4.818359, 0.000546
up2 -3195.253906, -0.373047, 0.000117
up2 -4645.829102, 17.576172, -0.003783
up2 13311.094727, -4.421875, -0.000332
up2 9197.382812, -0.003906, -0.000000
up2 3951.115723, -6.195312, -0.001568
up2 -6012.843750, -6.933594, 0.001153
up2 2401.762695, 15.460938, 0.006437
up2 -1686.188477, 0.464844, -0.000276
up2 17846.904297, 1.242188, 0.000070
up2 -10657.726562, 1.585938, -0.000149
up2 -6334.966309, 3.257812, -0.000514
up2 51.321777, 4.507812, 0.087834
up2 -5460.161133, 0.675781, -0.000124
up2 11174.609375, 3.960938, 0.000354
up2 4560.530273, -35.716797, -0.007832
up2 -1289.495850, -5.324219, 0.004129
up2 10936.257812, 11.658203, 0.001066
up2 10046.754883, -7.460938, -0.000743
up2 39336.257812, -16.394531, -0.000417
up2 -4017.913574, -6.080078, 0.001513
up2 7614.214844, 2.324219, 0.000305
up2 -16145.926758, -17.945312, 0.001111
up2 1249.304199, -2.886719, -0.002311
up2 -22165.203125, 18.337891, -0.000827
up2 1.684570, 13.387207, 7.946957
up2 -14267.486328, 3.226562, -0.000226
up2 -947.680664, 17.597656, -0.018569
up2 14570.213867, -13.988281, -0.000960
up2 8409.813477, 8.229492, 0.000979
up2 6879.093750, -4.800781, -0.000698
up2 -7668.725586, -1.625000, 0.000212
up2 -17391.472656, -3.884766, 0.000223
up2 6097.449219, 1.080078, 0.000177
up2 -29985.103516, 18.398438, -0.000614
up2 393.170410, -4.316406, -0.010978
up2 -21518.162109, 4.132812, -0.000192
up2 1742.854492, 9.132812, 0.005240
up2 -2333.427002, -1.798828, 0.000771
up2 25687.347656, -9.859375, -0.000384
up2 -8454.490234, 3.085938, -0.000365
up2 -5469.384766, -8.046875, 0.001471
up2 1977874.875000, -8.031250, -0.000004
up2 14842.940430, 8.500000, 0.000573
up2 9599.744141, -14.531250, -0.001514
up2 -25733.257812, 21.046875, -0.000818
up2 -4458.902344, -3.988281, 0.000894
up2 18686.904297, -0.617188, -0.000033
up2 9384.066406, 6.343750, 0.000676
up2 -8082.652344, 3.459473, -0.000428
up2 388.157227, -11.957031, -0.030805
up2 -2499.259033, -23.773438, 0.009512
up2 -5187.765137, 0.398438, -0.000077
up2 -15295.287109, 24.996094, -0.001634
up2 -9311.635742, -13.765625, 0.001478
up2 4368.063477, -18.785156, -0.004301
up2 14106.665039, 0.134766, 0.000010
up2 6398.566406, -15.335938, -0.002397
up2 13780.625000, -15.203125, -0.001103
up2 7314.650391, 4.273438, 0.000584
up2 15653.398438, 0.833008, 0.000053
up2 23273.363281, -31.843750, -0.001368
up2 8628.354492, -22.445312, -0.002601
up2 16935.542969, -11.425781, -0.000675
up2 7089.081055, -7.507812, -0.001059
up2 7550.806641, -0.128906, -0.000017
up2 21028.638672, 8.248047, 0.000392
up2 -25040.958984, 4.601562, -0.000184
up2 13808.785156, -7.115234, -0.000515
up2 5447.063477, -37.822266, -0.006944
up2 16198.074219, -2.980469, -0.000184
up2 -14544.228516, 15.230469, -0.001047
up2 -6560.560547, 5.289062, -0.000806
up2 -21211.373047, 9.031250, -0.000426
up2 -20770.908203, -5.496094, 0.000265
up2 5258.036621, -6.805664, -0.001294
up2 -8219.300781, -3.349609, 0.000408
up2 11881.166016, -1.242188, -0.000105
