      64|
    2.00|
tx 0 i 0 j 0 r 0.000000 c 14.000000
tx 0 i 0 j 0 r 0.000000 c 14.000000
tx 0 i 0 j 1 r 0.000000 c 110.000000
tx 0 i 0 j 1 r 0.000000 c 142.000000
tx 0 i 0 j 2 r 0.000000 c 110.000000
tx 0 i 0 j 2 r 0.000000 c 174.000000
tx 0 i 0 j 3 r 0.000000 c 110.000000
tx 0 i 0 j 3 r 0.000000 c 206.000000
tx 0 i 1 j 0 r 0.000000 c 110.000000
tx 0 i 1 j 0 r 0.000000 c 110.000000
tx 0 i 1 j 1 r 0.000000 c 366.000000
tx 0 i 1 j 1 r 0.000000 c 398.000000
tx 0 i 1 j 2 r 0.000000 c 622.000000
tx 0 i 1 j 2 r 0.000000 c 686.000000
tx 0 i 1 j 3 r 0.000000 c 878.000000
tx 0 i 1 j 3 r 0.000000 c 974.000000
tx 0 i 0 j 0 r 0.000000 c 140.000000
tx 0 i 0 j 0 r -6.000000 c 140.000000
tx 0 i 0 j 1 r 144.000000 c 428.000000
tx 0 i 0 j 1 r 126.000000 c 492.000000
tx 0 i 0 j 2 r 288.000000 c 428.000000
tx 0 i 0 j 2 r 270.000000 c 556.000000
tx 0 i 0 j 3 r 432.000000 c 428.000000
tx 0 i 0 j 3 r 414.000000 c 620.000000
tx 0 i 1 j 0 r -144.000000 c 428.000000
tx 0 i 1 j 0 r -162.000000 c 428.000000
tx 0 i 1 j 1 r 0.000000 c 940.000000
tx 0 i 1 j 1 r -18.000000 c 1004.000000
tx 0 i 1 j 2 r 144.000000 c 1452.000000
tx 0 i 1 j 2 r 126.000000 c 1580.000000
tx 0 i 1 j 3 r 288.000000 c 1964.000000
tx 0 i 1 j 3 r 270.000000 c 2156.000000
tx 0 i 0 j 0 r 0.000000 c 506.000000
tx 0 i 0 j 0 r -28.000000 c 506.000000
tx 0 i 0 j 1 r 416.000000 c 1082.000000
tx 0 i 0 j 1 r 364.000000 c 1178.000000
tx 0 i 0 j 2 r 832.000000 c 1082.000000
tx 0 i 0 j 2 r 780.000000 c 1274.000000
tx 0 i 0 j 3 r 1248.000000 c 1082.000000
tx 0 i 0 j 3 r 1196.000000 c 1370.000000
tx 0 i 1 j 0 r -416.000000 c 1082.000000
tx 0 i 1 j 0 r -468.000000 c 1082.000000
tx 0 i 1 j 1 r 0.000000 c 1850.000000
tx 0 i 1 j 1 r -52.000000 c 1946.000000
tx 0 i 1 j 2 r 416.000000 c 2618.000000
tx 0 i 1 j 2 r 364.000000 c 2810.000000
tx 0 i 1 j 3 r 832.000000 c 3386.000000
tx 0 i 1 j 3 r 780.000000 c 3674.000000
tx 0 i 0 j 0 r 0.000000 c 1240.000000
tx 0 i 0 j 0 r -66.000000 c 1240.000000
tx 0 i 0 j 1 r 816.000000 c 2200.000000
tx 0 i 0 j 1 r 714.000000 c 2328.000000
tx 0 i 0 j 2 r 1632.000000 c 2200.000000
tx 0 i 0 j 2 r 1530.000000 c 2456.000000
tx 0 i 0 j 3 r 2448.000000 c 2200.000000
tx 0 i 0 j 3 r 2346.000000 c 2584.000000
tx 0 i 1 j 0 r -816.000000 c 2200.000000
tx 0 i 1 j 0 r -918.000000 c 2200.000000
tx 0 i 1 j 1 r 0.000000 c 3224.000000
tx 0 i 1 j 1 r -102.000000 c 3352.000000
tx 0 i 1 j 2 r 816.000000 c 4248.000000
tx 0 i 1 j 2 r 714.000000 c 4504.000000
tx 0 i 1 j 3 r 1632.000000 c 5272.000000
tx 0 i 1 j 3 r 1530.000000 c 5656.000000
tx 0 i 0 j 0 r 0.000000 c 2470.000000
tx 0 i 0 j 0 r -120.000000 c 2470.000000
tx 0 i 0 j 1 r 1344.000000 c 3910.000000
tx 0 i 0 j 1 r 1176.000000 c 4070.000000
tx 0 i 0 j 2 r 2688.000000 c 3910.000000
tx 0 i 0 j 2 r 2520.000000 c 4230.000000
tx 0 i 0 j 3 r 4032.000000 c 3910.000000
tx 0 i 0 j 3 r 3864.000000 c 4390.000000
tx 0 i 1 j 0 r -1344.000000 c 3910.000000
tx 0 i 1 j 0 r -1512.000000 c 3910.000000
tx 0 i 1 j 1 r 0.000000 c 5190.000000
tx 0 i 1 j 1 r -168.000000 c 5350.000000
tx 0 i 1 j 2 r 1344.000000 c 6470.000000
tx 0 i 1 j 2 r 1176.000000 c 6790.000000
tx 0 i 1 j 3 r 2688.000000 c 7750.000000
tx 0 i 1 j 3 r 2520.000000 c 8230.000000
tx 0 i 0 j 0 r 0.000000 c 4324.000000
tx 0 i 0 j 0 r -190.000000 c 4324.000000
tx 0 i 0 j 1 r 2000.000000 c 6340.000000
tx 0 i 0 j 1 r 1750.000000 c 6532.000000
tx 0 i 0 j 2 r 4000.000000 c 6340.000000
tx 0 i 0 j 2 r 3750.000000 c 6724.000000
tx 0 i 0 j 3 r 6000.000000 c 6340.000000
tx 0 i 0 j 3 r 5750.000000 c 6916.000000
tx 0 i 1 j 0 r -2000.000000 c 6340.000000
tx 0 i 1 j 0 r -2250.000000 c 6340.000000
tx 0 i 1 j 1 r 0.000000 c 7876.000000
tx 0 i 1 j 1 r -250.000000 c 8068.000000
tx 0 i 1 j 2 r 2000.000000 c 9412.000000
tx 0 i 1 j 2 r 1750.000000 c 9796.000000
tx 0 i 1 j 3 r 4000.000000 c 10948.000000
tx 0 i 1 j 3 r 3750.000000 c 11524.000000
tx 0 i 0 j 0 r 0.000000 c 6930.000000
tx 0 i 0 j 0 r -276.000000 c 6930.000000
tx 0 i 0 j 1 r 2784.000000 c 9618.000000
tx 0 i 0 j 1 r 2436.000000 c 9842.000000
tx 0 i 0 j 2 r 5568.000000 c 9618.000000
tx 0 i 0 j 2 r 5220.000000 c 10066.000000
tx 0 i 0 j 3 r 8352.000000 c 9618.000000
tx 0 i 0 j 3 r 8004.000000 c 10290.000000
tx 0 i 1 j 0 r -2784.000000 c 9618.000000
tx 0 i 1 j 0 r -3132.000000 c 9618.000000
tx 0 i 1 j 1 r 0.000000 c 11410.000000
tx 0 i 1 j 1 r -348.000000 c 11634.000000
tx 0 i 1 j 2 r 2784.000000 c 13202.000000
tx 0 i 1 j 2 r 2436.000000 c 13650.000000
tx 0 i 1 j 3 r 5568.000000 c 14994.000000
tx 0 i 1 j 3 r 5220.000000 c 15666.000000
tx 0 i 0 j 0 r 0.000000 c 10416.000000
tx 0 i 0 j 0 r -378.000000 c 10416.000000
tx 0 i 0 j 1 r 3696.000000 c 13872.000000
tx 0 i 0 j 1 r 3234.000000 c 14128.000000
tx 0 i 0 j 2 r 7392.000000 c 13872.000000
tx 0 i 0 j 2 r 6930.000000 c 14384.000000
tx 0 i 0 j 3 r 11088.000000 c 13872.000000
tx 0 i 0 j 3 r 10626.000000 c 14640.000000
tx 0 i 1 j 0 r -3696.000000 c 13872.000000
tx 0 i 1 j 0 r -4158.000000 c 13872.000000
tx 0 i 1 j 1 r 0.000000 c 15920.000000
tx 0 i 1 j 1 r -462.000000 c 16176.000000
tx 0 i 1 j 2 r 3696.000000 c 17968.000000
tx 0 i 1 j 2 r 3234.000000 c 18480.000000
tx 0 i 1 j 3 r 7392.000000 c 20016.000000
tx 0 i 1 j 3 r 6930.000000 c 20784.000000
tx 0 i 0 j 0 r 0.000000 c 14910.000000
tx 0 i 0 j 0 r -496.000000 c 14910.000000
tx 0 i 0 j 1 r 4736.000000 c 19230.000000
tx 0 i 0 j 1 r 4144.000000 c 19518.000000
tx 0 i 0 j 2 r 9472.000000 c 19230.000000
tx 0 i 0 j 2 r 8880.000000 c 19806.000000
tx 0 i 0 j 3 r 14208.000000 c 19230.000000
tx 0 i 0 j 3 r 13616.000000 c 20094.000000
tx 0 i 1 j 0 r -4736.000000 c 19230.000000
tx 0 i 1 j 0 r -5328.000000 c 19230.000000
tx 0 i 1 j 1 r 0.000000 c 21534.000000
tx 0 i 1 j 1 r -592.000000 c 21822.000000
tx 0 i 1 j 2 r 4736.000000 c 23838.000000
tx 0 i 1 j 2 r 4144.000000 c 24414.000000
tx 0 i 1 j 3 r 9472.000000 c 26142.000000
tx 0 i 1 j 3 r 8880.000000 c 27006.000000
tx 0 i 0 j 0 r 0.000000 c 20540.000000
tx 0 i 0 j 0 r -630.000000 c 20540.000000
tx 0 i 0 j 1 r 5904.000000 c 25820.000000
tx 0 i 0 j 1 r 5166.000000 c 26140.000000
tx 0 i 0 j 2 r 11808.000000 c 25820.000000
tx 0 i 0 j 2 r 11070.000000 c 26460.000000
tx 0 i 0 j 3 r 17712.000000 c 25820.000000
tx 0 i 0 j 3 r 16974.000000 c 26780.000000
tx 0 i 1 j 0 r -5904.000000 c 25820.000000
tx 0 i 1 j 0 r -6642.000000 c 25820.000000
tx 0 i 1 j 1 r 0.000000 c 28380.000000
tx 0 i 1 j 1 r -738.000000 c 28700.000000
tx 0 i 1 j 2 r 5904.000000 c 30940.000000
tx 0 i 1 j 2 r 5166.000000 c 31580.000000
tx 0 i 1 j 3 r 11808.000000 c 33500.000000
tx 0 i 1 j 3 r 11070.000000 c 34460.000000
tx 0 i 0 j 0 r 0.000000 c 27434.000000
tx 0 i 0 j 0 r -780.000000 c 27434.000000
tx 0 i 0 j 1 r 7200.000000 c 33770.000000
tx 0 i 0 j 1 r 6300.000000 c 34122.000000
tx 0 i 0 j 2 r 14400.000000 c 33770.000000
tx 0 i 0 j 2 r 13500.000000 c 34474.000000
tx 0 i 0 j 3 r 21600.000000 c 33770.000000
tx 0 i 0 j 3 r 20700.000000 c 34826.000000
tx 0 i 1 j 0 r -7200.000000 c 33770.000000
tx 0 i 1 j 0 r -8100.000000 c 33770.000000
tx 0 i 1 j 1 r 0.000000 c 36586.000000
tx 0 i 1 j 1 r -900.000000 c 36938.000000
tx 0 i 1 j 2 r 7200.000000 c 39402.000000
tx 0 i 1 j 2 r 6300.000000 c 40106.000000
tx 0 i 1 j 3 r 14400.000000 c 42218.000000
tx 0 i 1 j 3 r 13500.000000 c 43274.000000
tx 0 i 0 j 0 r 0.000000 c 35720.000000
tx 0 i 0 j 0 r -946.000000 c 35720.000000
tx 0 i 0 j 1 r 8624.000000 c 43208.000000
tx 0 i 0 j 1 r 7546.000000 c 43592.000000
tx 0 i 0 j 2 r 17248.000000 c 43208.000000
tx 0 i 0 j 2 r 16170.000000 c 43976.000000
tx 0 i 0 j 3 r 25872.000000 c 43208.000000
tx 0 i 0 j 3 r 24794.000000 c 44360.000000
tx 0 i 1 j 0 r -8624.000000 c 43208.000000
tx 0 i 1 j 0 r -9702.000000 c 43208.000000
tx 0 i 1 j 1 r 0.000000 c 46280.000000
tx 0 i 1 j 1 r -1078.000000 c 46664.000000
tx 0 i 1 j 2 r 8624.000000 c 49352.000000
tx 0 i 1 j 2 r 7546.000000 c 50120.000000
tx 0 i 1 j 3 r 17248.000000 c 52424.000000
tx 0 i 1 j 3 r 16170.000000 c 53576.000000
tx 0 i 0 j 0 r 0.000000 c 45526.000000
tx 0 i 0 j 0 r -1128.000000 c 45526.000000
tx 0 i 0 j 1 r 10176.000000 c 54262.000000
tx 0 i 0 j 1 r 8904.000000 c 54678.000000
tx 0 i 0 j 2 r 20352.000000 c 54262.000000
tx 0 i 0 j 2 r 19080.000000 c 55094.000000
tx 0 i 0 j 3 r 30528.000000 c 54262.000000
tx 0 i 0 j 3 r 29256.000000 c 55510.000000
tx 0 i 1 j 0 r -10176.000000 c 54262.000000
tx 0 i 1 j 0 r -11448.000000 c 54262.000000
tx 0 i 1 j 1 r 0.000000 c 57590.000000
tx 0 i 1 j 1 r -1272.000000 c 58006.000000
tx 0 i 1 j 2 r 10176.000000 c 60918.000000
tx 0 i 1 j 2 r 8904.000000 c 61750.000000
tx 0 i 1 j 3 r 20352.000000 c 64246.000000
tx 0 i 1 j 3 r 19080.000000 c 65494.000000
tx 0 i 0 j 0 r 0.000000 c 56980.000000
tx 0 i 0 j 0 r -1326.000000 c 56980.000000
tx 0 i 0 j 1 r 11856.000000 c 67060.000000
tx 0 i 0 j 1 r 10374.000000 c 67508.000000
tx 0 i 0 j 2 r 23712.000000 c 67060.000000
tx 0 i 0 j 2 r 22230.000000 c 67956.000000
tx 0 i 0 j 3 r 35568.000000 c 67060.000000
tx 0 i 0 j 3 r 34086.000000 c 68404.000000
tx 0 i 1 j 0 r -11856.000000 c 67060.000000
tx 0 i 1 j 0 r -13338.000000 c 67060.000000
tx 0 i 1 j 1 r 0.000000 c 70644.000000
tx 0 i 1 j 1 r -1482.000000 c 71092.000000
tx 0 i 1 j 2 r 11856.000000 c 74228.000000
tx 0 i 1 j 2 r 10374.000000 c 75124.000000
tx 0 i 1 j 3 r 23712.000000 c 77812.000000
tx 0 i 1 j 3 r 22230.000000 c 79156.000000
tx 0 i 0 j 0 r 0.000000 c 70210.000000
tx 0 i 0 j 0 r -1540.000000 c 70210.000000
tx 0 i 0 j 1 r 13664.000000 c 81730.000000
tx 0 i 0 j 1 r 11956.000000 c 82210.000000
tx 0 i 0 j 2 r 27328.000000 c 81730.000000
tx 0 i 0 j 2 r 25620.000000 c 82690.000000
tx 0 i 0 j 3 r 40992.000000 c 81730.000000
tx 0 i 0 j 3 r 39284.000000 c 83170.000000
tx 0 i 1 j 0 r -13664.000000 c 81730.000000
tx 0 i 1 j 0 r -15372.000000 c 81730.000000
tx 0 i 1 j 1 r 0.000000 c 85570.000000
tx 0 i 1 j 1 r -1708.000000 c 86050.000000
tx 0 i 1 j 2 r 13664.000000 c 89410.000000
tx 0 i 1 j 2 r 11956.000000 c 90370.000000
tx 0 i 1 j 3 r 27328.000000 c 93250.000000
tx 0 i 1 j 3 r 25620.000000 c 94690.000000
tx 0 i 0 j 0 r 0.000000 c 85344.000000
tx 0 i 0 j 0 r -1770.000000 c 85344.000000
tx 0 i 0 j 1 r 15600.000000 c 96864.000000
tx 0 i 0 j 1 r 13650.000000 c 97376.000000
tx 0 i 0 j 2 r 31200.000000 c 96864.000000
tx 0 i 0 j 2 r 29250.000000 c 97888.000000
tx 0 i 0 j 3 r 46800.000000 c 96864.000000
tx 0 i 0 j 3 r 44850.000000 c 98400.000000
tx 0 i 1 j 0 r -15600.000000 c 96864.000000
tx 0 i 1 j 0 r -17550.000000 c 96864.000000
tx 0 i 1 j 1 r 0.000000 c 100960.000000
tx 0 i 1 j 1 r -1950.000000 c 101472.000000
tx 0 i 1 j 2 r 15600.000000 c 105056.000000
tx 0 i 1 j 2 r 13650.000000 c 106080.000000
tx 0 i 1 j 3 r 31200.000000 c 109152.000000
tx 0 i 1 j 3 r 29250.000000 c 110688.000000
error is 85330.00000, relateive error is 6095.00000,  -14.00000,-85344.00000. row: 0, col: 0, real or imag: 0
Failed to pass the correctness verification against NVIDIA cuBLAS. Exited.
srun: error: nid003348: task 0: Exited with exit code 253
srun: Terminating StepId=16074207.0
