input successed!
output_ref successed!
input_ref successed!
| SIZE |  Execution Time (us)             |   Shared   | #threads |
|log(N)|   Ours   |   cuFFT   | Memory (KB)|          |
|     3|    7.519 |    7.835  |   0.062   |   0.000    |         1|
|     4|    7.469 |    7.679  |   0.125   |   0.000    |         2|
|     5|    8.097 |    8.158  |   0.250   |   0.000    |         4|
|     6|    8.140 |    7.879  |   0.500   |   0.000    |         8|
|     7|    8.588 |    8.098  |   1.000   |   0.000    |        16|
|     8|    8.621 |    8.540  |   2.000   |   0.000    |        32|
|     9|    8.847 |    8.778  |   4.000   |   0.000    |        64|
|    10|    9.569 |    8.791  |   8.000   |   0.000    |       128|
|    11|   12.345 |    9.904  |  16.000   |   0.000    |       256|
|    12|   16.062 |   10.759  |  32.000   |   0.000    |       512|
|    13|   24.052 |   14.927  |  64.000   |   0.000    |      1024|
|    14|   18.171 |   24.846  | 128.000   |   0.000    |      2048|
|    15|   20.755 |   16.048  | 256.000   |   0.000    |      4096|
|    16|   33.801 |   14.806  | 512.000   |   0.000    |      8192|
|    17|   22.585 |   17.361  |1024.000   |   0.000    |     16384|
|    18|   38.808 |   19.675  |2048.000   |   0.000    |     32768|
|    19|   37.256 |   28.043  |4096.000   |   0.000    |     65536|
|    20|   52.373 |   44.155  |8192.000   |   0.000    |    131072|
|    21|   91.790 |   75.668  |16384.000   |   0.000    |    262144|
|    22|  168.540 |  145.811  |32768.000   |   0.000    |    524288|
|    23|  394.522 |  303.222  |65536.000   |   0.000    |   1048576|
|    24|  748.324 |  619.982  |131072.000   |   0.000    |   2097152|
|    25| 1615.242 | 1315.025  |262144.000   |   0.000    |   4194304|
|    26| 3145.305 | 2593.475  |524288.000   |   0.000    |   8388608|
|    27| 6642.186 | 5100.738  |1048576.000   |   0.000    |  16777216|
|    28| 12770.822 | 10036.498  |2097152.000   |   0.000    |  33554432|
|    29| 26230.170 | 19914.639  |4194304.000   |   0.000    |  67108864|
Execution Time
t_fft = th.as_tensor([0.007519,0.007469,0.008097,0.008140,0.008588,0.008621,0.008847,0.009569,0.012345,0.016062,0.024052,0.018171,0.020755,0.033801,0.022585,0.038808,0.037256,0.052373,0.091790,0.168540,0.394522,0.748324,1.615242,3.145305,6.642186,12.770823,26.230169,])
t_cufft = th.as_tensor([0.007835,0.007679,0.008158,0.007879,0.008098,0.008540,0.008778,0.008791,0.009904,0.010759,0.014927,0.024846,0.016048,0.014806,0.017361,0.019675,0.028043,0.044155,0.075668,0.145811,0.303222,0.619982,1.315025,2.593475,5.100738,10.036498,19.914639,])

 Flops
gflops_fft = th.as_tensor([     0.0,     0.0,     0.1,     0.2,     0.5,     1.2,     2.6,     5.4,     9.1,    15.3,    22.1,    63.1,   118.4,   155.1,   493.3,   607.9,  1336.9,  2002.1,  2399.0,  2737.5,  2445.2,  2690.4,  2596.7,  2773.7,  2727.9,  2942.7,  2967.8,])
gflops_cufft = th.as_tensor([     0.0,     0.0,     0.1,     0.2,     0.6,     1.2,     2.6,     5.8,    11.4,    22.8,    35.7,    46.2,   153.1,   354.1,   641.7,  1199.1,  1776.1,  2374.8,  2910.1,  3164.2,  3181.5,  3247.3,  3189.5,  3363.9,  3552.3,  3744.4,  3909.0,])
