      64|
    2.00|
tx 0 i 0 j 0 r 0.000000 c 14.000000
tx 0 i 0 j 0 r 0.000000 c 38.000000
tx 0 i 0 j 1 r 0.000000 c 14.000000
tx 0 i 0 j 1 r 0.000000 c 38.000000
tx 0 i 0 j 2 r 0.000000 c 14.000000
tx 0 i 0 j 2 r 0.000000 c 38.000000
tx 0 i 0 j 3 r 0.000000 c 14.000000
tx 0 i 0 j 3 r 0.000000 c 38.000000
tx 0 i 1 j 0 r 0.000000 c 206.000000
tx 0 i 1 j 0 r 0.000000 c 230.000000
tx 0 i 1 j 1 r 0.000000 c 206.000000
tx 0 i 1 j 1 r 0.000000 c 230.000000
tx 0 i 1 j 2 r 0.000000 c 206.000000
tx 0 i 1 j 2 r 0.000000 c 230.000000
tx 0 i 1 j 3 r 0.000000 c 206.000000
tx 0 i 1 j 3 r 0.000000 c 230.000000
error is 30.00000, relateive error is  4.28571,  -7.00000,-37.00000. row: 1, col: 0, real or imag: 0
Failed to pass the correctness verification against NVIDIA cuBLAS. Exited.
srun: error: nid008432: task 0: Exited with exit code 253
srun: Terminating StepId=16074253.0
