up1 2176.614258, 0.019470, 0.000009
up1 2288.467773, 0.022095, 0.000010
up1 2152.129639, 0.026062, 0.000012
up1 2043.601318, 0.021576, 0.000011
up1 2126.234619, 0.017319, 0.000008
up1 1899.016113, 0.023987, 0.000013
up1 2059.313965, 0.025970, 0.000013
up1 2213.389404, 0.024689, 0.000011
up1 2045.158936, 0.021973, 0.000011
up1 2040.927979, 0.024567, 0.000012
up1 1967.124023, 0.024658, 0.000013
up1 2029.410034, 0.023651, 0.000012
up1 2123.922363, 0.023865, 0.000011
up1 2020.133911, 0.023163, 0.000011
up1 1995.307129, 0.022156, 0.000011
up1 1876.866943, 0.024200, 0.000013
up1 2079.124268, 0.022064, 0.000011
up1 2128.218506, 0.019257, 0.000009
up1 1982.282715, 0.019836, 0.000010
up1 1937.527832, 0.025391, 0.000013
up1 1761.616455, 0.020203, 0.000011
up1 1908.445557, 0.026184, 0.000014
up1 2126.692871, 0.021851, 0.000010
up1 2248.262695, 0.020935, 0.000009
up1 1897.449219, 0.017365, 0.000009
up1 2251.154785, 0.020264, 0.000009
up1 2040.628418, 0.019653, 0.000010
up1 1954.152954, 0.026428, 0.000014
up1 2098.694092, 0.029053, 0.000014
up1 2139.846680, 0.024475, 0.000011
up1 2093.068359, 0.017578, 0.000008
up1 2097.947754, 0.022339, 0.000011
up1 2156.274902, 0.024719, 0.000011
up1 1899.045654, 0.022339, 0.000012
up1 2105.293457, 0.024597, 0.000012
up1 1940.188965, 0.027847, 0.000014
up1 2078.584229, 0.027344, 0.000013
up1 2107.648926, 0.021820, 0.000010
up1 1911.532227, 0.024811, 0.000013
up1 1886.621338, 0.024994, 0.000013
up1 1981.649658, 0.022369, 0.000011
up1 2105.504395, 0.022369, 0.000011
up1 1926.527832, 0.023346, 0.000012
up1 1803.662598, 0.018097, 0.000010
up1 2031.079712, 0.022064, 0.000011
up1 2009.121704, 0.024384, 0.000012
up1 2032.273315, 0.029541, 0.000015
up1 2003.413818, 0.020966, 0.000010
up1 2078.242188, 0.022736, 0.000011
up1 1748.863037, 0.028961, 0.000017
up1 1896.600830, 0.022034, 0.000012
up1 2020.905884, 0.026062, 0.000013
up1 2024.495483, 0.022827, 0.000011
up1 2061.999023, 0.020172, 0.000010
up1 2081.889648, 0.022339, 0.000011
up1 2056.308838, 0.028015, 0.000014
up1 2167.099609, 0.023865, 0.000011
up1 1867.551758, 0.025177, 0.000013
up1 2020.655151, 0.023529, 0.000012
up1 2089.715088, 0.022797, 0.000011
up1 2009.387939, 0.024231, 0.000012
up1 2169.225586, 0.019226, 0.000009
up1 2063.182617, 0.020996, 0.000010
up1 1876.327759, 0.019470, 0.000010
up1 2186.228027, 0.021790, 0.000010
up1 1923.531616, 0.019897, 0.000010
up1 2233.515137, 0.029236, 0.000013
up1 2035.724609, 0.018051, 0.000009
up1 2001.064819, 0.023071, 0.000012
up1 2071.352539, 0.024643, 0.000012
up1 1840.878784, 0.026886, 0.000015
up1 2011.562744, 0.016205, 0.000008
up1 2112.928955, 0.021057, 0.000010
up1 1986.746460, 0.021912, 0.000011
up1 2194.851318, 0.024231, 0.000011
up1 2129.034668, 0.023499, 0.000011
up1 2032.920654, 0.028564, 0.000014
up1 2076.183594, 0.020416, 0.000010
up1 2029.110107, 0.023376, 0.000012
up1 1925.319214, 0.021484, 0.000011
up1 2023.535767, 0.019196, 0.000009
up1 1986.389648, 0.025574, 0.000013
up1 2004.668335, 0.026642, 0.000013
up1 1794.430176, 0.025543, 0.000014
up1 1965.328979, 0.024841, 0.000013
up1 2220.078125, 0.020432, 0.000009
up1 1730.014893, 0.023254, 0.000013
up1 2152.668457, 0.022827, 0.000011
up1 2061.476074, 0.024536, 0.000012
up1 1976.312988, 0.028290, 0.000014
up1 2021.338135, 0.022217, 0.000011
up1 1970.614746, 0.021240, 0.000011
up1 1923.689087, 0.023193, 0.000012
up1 2068.640869, 0.024567, 0.000012
up1 2062.567871, 0.023773, 0.000012
up1 2006.610229, 0.026337, 0.000013
up1 2036.476074, 0.024536, 0.000012
up1 2067.744141, 0.019409, 0.000009
up1 2080.164307, 0.025269, 0.000012
up1 2266.768555, 0.026794, 0.000012
up1 2016.109497, 0.027863, 0.000014
up1 2123.429688, 0.024048, 0.000011
up1 2180.268066, 0.026978, 0.000012
up1 1939.737061, 0.018967, 0.000010
up1 2039.065674, 0.025909, 0.000013
up1 1950.487427, 0.021072, 0.000011
up1 2180.708496, 0.021179, 0.000010
up1 2103.256348, 0.023224, 0.000011
up1 1943.125977, 0.024170, 0.000012
up1 2087.085693, 0.024872, 0.000012
up1 2085.642334, 0.022308, 0.000011
up1 2048.391602, 0.023071, 0.000011
up1 1943.346069, 0.021454, 0.000011
up1 2057.540039, 0.020752, 0.000010
up1 2062.859375, 0.018860, 0.000009
up1 2217.314941, 0.021240, 0.000010
up1 2040.275391, 0.019745, 0.000010
up1 1994.696777, 0.026031, 0.000013
up1 2046.067017, 0.023712, 0.000012
up1 1830.141357, 0.025452, 0.000014
up1 2163.895752, 0.023926, 0.000011
up1 2083.185547, 0.023682, 0.000011
up1 1917.170654, 0.024353, 0.000013
up1 1983.341553, 0.023865, 0.000012
up1 2189.428223, 0.027191, 0.000012
up1 1919.484863, 0.022972, 0.000012
up1 2149.206299, 0.019592, 0.000009
up1 1972.355957, 0.022583, 0.000011
up2 -4276.437988, -0.128906, 0.000030
up2 158.145264, -0.089600, -0.000567
up2 -806.069824, 0.030762, -0.000038
up2 154.211548, 0.013077, 0.000085
up2 -131.345520, -0.005981, 0.000046
up2 -1143.475098, 0.036865, -0.000032
up2 -2016.747192, -0.012573, 0.000006
up2 -161.720825, -0.049316, 0.000305
up2 -520.646973, 0.222168, -0.000427
up2 -1011.361450, 0.038269, -0.000038
up2 36515.402344, 0.578125, 0.000016
up2 25.329010, 0.061279, 0.002419
up2 1204.727539, 0.139648, 0.000116
up2 2602.611328, 0.045410, 0.000017
up2 275.048676, 0.207764, 0.000755
up2 -2077.128418, -0.080078, 0.000039
up2 994.257568, -0.012817, -0.000013
up2 473.712341, 0.143799, 0.000304
up2 1510.877808, 0.014648, 0.000010
up2 3198.946289, 0.059570, 0.000019
up2 -83.658875, 0.051300, -0.000613
up2 1326.334473, 0.026123, 0.000020
up2 -2068.689697, 0.035767, -0.000017
up2 127.731567, -0.008484, -0.000066
up2 -2560.564453, -0.093994, 0.000037
up2 927.225159, -0.182495, -0.000197
up2 -335.908936, 0.048584, -0.000145
up2 1781.862061, 0.027466, 0.000015
up2 1782.547241, 0.098999, 0.000056
up2 -259.452209, 0.023193, -0.000089
up2 -43.943359, -0.020752, 0.000472
up2 36730.785156, 0.378906, 0.000010
up2 -274.637970, -0.011719, 0.000043
up2 1215.814453, 0.024414, 0.000020
up2 -2641.930664, -0.115967, 0.000044
up2 1332.793945, -0.110596, -0.000083
up2 163.387207, -0.031006, -0.000190
up2 1535.926392, -0.002930, -0.000002
up2 -1233.025024, -0.042236, 0.000034
up2 34665.347656, 0.433594, 0.000013
up2 -2696.459229, 0.026855, -0.000010
up2 -67.954224, -0.043091, 0.000634
up2 35798.402344, 0.496094, 0.000014
up2 -770.241028, -0.017334, 0.000023
up2 1736.555908, 0.010620, 0.000006
up2 -223.287201, 0.036819, -0.000165
up2 -513.242310, -0.107788, 0.000210
up2 -1167.564087, 0.055298, -0.000047
up2 -1107.607544, -0.081543, 0.000074
up2 2155.622070, 0.078857, 0.000037
up2 353.038544, 0.043213, 0.000122
up2 336.031677, 0.017334, 0.000052
up2 -1112.670044, 0.094940, -0.000085
up2 -1648.916626, 0.003601, -0.000002
up2 -126.857422, 0.029053, -0.000229
up2 697.714355, 0.003357, 0.000005
up2 1301.546875, -0.024780, -0.000019
up2 -606.547729, -0.059814, 0.000099
up2 -63.983826, -0.050049, 0.000782
up2 2742.916016, 0.058960, 0.000021
up2 -2599.388672, 0.150146, -0.000058
up2 580.813843, -0.081299, -0.000140
up2 -234.265015, 0.048157, -0.000206
up2 -1339.230225, 0.050171, -0.000037
up2 -897.579712, 0.024353, -0.000027
up2 579.713928, 0.022034, 0.000038
up2 1347.367065, -0.017822, -0.000013
up2 2611.551758, 0.017334, 0.000007
up2 -613.526062, 0.052246, -0.000085
up2 398.949707, 0.067627, 0.000170
up2 33729.433594, 0.380859, 0.000011
up2 -2983.174316, -0.024902, 0.000008
up2 -1662.937256, -0.147461, 0.000089
up2 3205.863770, -0.036377, -0.000011
up2 -1013.911499, -0.153320, 0.000151
up2 786.625122, -0.140137, -0.000178
up2 -329.979370, -0.108887, 0.000330
up2 -2001.281250, -0.123291, 0.000062
up2 -451.949402, -0.033936, 0.000075
up2 554.143982, -0.135742, -0.000245
up2 4293.659668, -0.028076, -0.000007
up2 -480.887726, 0.053467, -0.000111
up2 -3879.759766, 0.008789, -0.000002
up2 253.402588, -0.093018, -0.000367
up2 1408.052979, -0.138672, -0.000098
up2 1442.199463, -0.004150, -0.000003
up2 -957.980713, -0.080688, 0.000084
up2 388.632172, -0.035400, -0.000091
up2 -282.689331, -0.029297, 0.000104
up2 -977.838440, -0.037231, 0.000038
up2 -2311.078125, 0.130371, -0.000056
up2 -1994.749023, 0.001953, -0.000001
up2 495.017273, -0.032959, -0.000067
up2 -1575.107666, 0.014648, -0.000009
up2 2619.880859, -0.062012, -0.000024
up2 661.653870, 0.110596, 0.000167
up2 250.073425, 0.014832, 0.000059
up2 36458.238281, 0.482422, 0.000013
up2 1103.014160, -0.008789, -0.000008
up2 843.669922, 0.063477, 0.000075
up2 -560.429932, -0.062500, 0.000112
up2 1205.249512, -0.052734, -0.000044
up2 1032.049316, -0.051880, -0.000050
up2 3231.316406, -0.021553, -0.000007
up2 -3216.421387, -0.104492, 0.000032
up2 2179.938721, -0.090332, -0.000041
up2 35388.546875, 0.530273, 0.000015
up2 1687.927002, -0.039795, -0.000024
up2 -2746.637207, -0.139404, 0.000051
up2 2725.630127, -0.068848, -0.000025
up2 -3200.942627, -0.110229, 0.000034
up2 -890.025146, -0.062866, 0.000071
up2 36042.394531, 0.382812, 0.000011
up2 -1246.696167, -0.118896, 0.000095
up2 -1727.270020, -0.045898, 0.000027
up2 570.802185, -0.055176, -0.000097
up2 558.654907, -0.004395, -0.000008
up2 -784.872559, 0.107056, -0.000136
up2 2772.866211, 0.229614, 0.000083
up2 1226.102539, 0.142090, 0.000116
up2 -1498.865601, 0.058350, -0.000039
up2 559.352844, -0.020020, -0.000036
up2 1108.219238, 0.053589, 0.000048
up2 -1598.771362, 0.146301, -0.000092
up2 -1134.839111, -0.001221, 0.000001
up2 -2118.656250, 0.072021, -0.000034
up2 964.107422, 0.000488, 0.000001
up2 -11.217834, 0.090210, -0.008042
