input successed!
output_ref successed!
input_ref successed!
| SIZE |  Execution Time (us)             |   Shared   | #threads |
|log(N)|   Ours   |   cuFFT   | Memory (KB)|          |
|     3|    7.018 |    8.125  |   0.062   |   0.000    |         1|
|     4|    6.974 |    7.713  |   0.125   |   0.000    |         2|
|     5|    7.192 |    7.884  |   0.250   |   0.000    |         4|
|     6|    7.282 |    7.873  |   0.500   |   0.000    |         8|
|     7|    7.633 |    7.988  |   1.000   |   0.000    |        16|
|     8|    7.852 |    8.068  |   2.000   |   0.000    |        32|
|     9|    7.830 |    8.644  |   4.000   |   0.000    |        64|
|    10|    8.602 |    8.693  |   8.000   |   0.000    |       128|
|    11|    9.998 |    9.874  |  16.000   |   0.000    |       256|
|    12|   11.720 |   10.741  |  32.000   |   0.000    |       512|
|    13|   19.141 |   14.785  |  64.000   |   0.000    |      1024|
|    14|   17.526 |   24.812  | 128.000   |   0.000    |      2048|
|    15|   18.836 |   16.383  | 256.000   |   0.000    |      4096|
|    16|   30.052 |   15.241  | 512.000   |   0.000    |      8192|
|    17|   20.147 |   17.408  |1024.000   |   0.000    |     16384|
|    18|   34.073 |   19.760  |2048.000   |   0.000    |     32768|
|    19|   31.414 |   28.056  |4096.000   |   0.000    |     65536|
|    20|   43.798 |   45.133  |8192.000   |   0.000    |    131072|
|    21|   76.944 |   76.725  |16384.000   |   0.000    |    262144|
|    22|  145.211 |  146.012  |32768.000   |   0.000    |    524288|
|    23|  370.511 |  304.150  |65536.000   |   0.000    |   1048576|
|    24|  696.499 |  618.879  |131072.000   |   0.000    |   2097152|
|    25| 1494.868 | 1315.022  |262144.000   |   0.000    |   4194304|
|    26| 2927.541 | 2597.402  |524288.000   |   0.000    |   8388608|
|    27| 5831.216 | 5110.347  |1048576.000   |   0.000    |  16777216|
|    28| 11357.455 | 10108.779  |2097152.000   |   0.000    |  33554432|
|    29| 22691.391 | 19931.357  |4194304.000   |   0.000    |  67108864|
Execution Time
t_fft = th.as_tensor([0.007018,0.006974,0.007192,0.007282,0.007633,0.007852,0.007830,0.008602,0.009998,0.011720,0.019141,0.017526,0.018836,0.030052,0.020147,0.034073,0.031414,0.043798,0.076944,0.145211,0.370511,0.696499,1.494868,2.927541,5.831216,11.357455,22.691391,])
t_cufft = th.as_tensor([0.008125,0.007713,0.007884,0.007873,0.007988,0.008068,0.008644,0.008693,0.009874,0.010741,0.014785,0.024812,0.016383,0.015241,0.017408,0.019760,0.028056,0.045133,0.076725,0.146012,0.304150,0.618879,1.315022,2.597402,5.110347,10.108779,19.931358,])

 Flops
gflops_fft = th.as_tensor([     0.0,     0.0,     0.1,     0.3,     0.6,     1.3,     2.9,     6.0,    11.3,    21.0,    27.8,    65.4,   130.5,   174.5,   553.0,   692.4,  1585.5,  2394.1,  2861.8,  3177.3,  2603.7,  2890.6,  2805.8,  2980.0,  3107.3,  3308.9,  3430.7,])
gflops_cufft = th.as_tensor([     0.0,     0.0,     0.1,     0.2,     0.6,     1.3,     2.7,     5.9,    11.4,    22.9,    36.0,    46.2,   150.0,   344.0,   640.0,  1194.0,  1775.3,  2323.3,  2870.0,  3159.8,  3171.8,  3253.1,  3189.5,  3358.8,  3545.6,  3717.7,  3905.7,])
